Component: ARM Compiler 5.06 update 6 (build 750) Tool: armlink [4d35ed]

==============================================================================

Section Cross References

    startup_stm32f410rx.o(RESET) refers to startup_stm32f410rx.o(STACK) for __initial_sp
    startup_stm32f410rx.o(RESET) refers to startup_stm32f410rx.o(.text) for Reset_Handler
    startup_stm32f410rx.o(RESET) refers to port.o(.emb_text) for SVC_Handler
    startup_stm32f410rx.o(RESET) refers to stm32f4xx_it.o(i.SysTick_Handler) for SysTick_Handler
    startup_stm32f410rx.o(RESET) refers to stm32f4xx_it.o(i.TIM1_UP_IRQHandler) for TIM1_UP_IRQHandler
    startup_stm32f410rx.o(RESET) refers to stm32f4xx_it.o(i.USART2_IRQHandler) for USART2_IRQHandler
    startup_stm32f410rx.o(RESET) refers to stm32f4xx_it.o(i.TIM6_DAC_IRQHandler) for TIM6_DAC_IRQHandler
    startup_stm32f410rx.o(.text) refers to system_stm32f4xx.o(i.SystemInit) for SystemInit
    startup_stm32f410rx.o(.text) refers to entry.o(.ARM.Collect$$$$00000000) for __main
    main.o(i.Get_Defected) refers to stm32f4xx_hal_gpio.o(i.HAL_GPIO_WritePin) for HAL_GPIO_WritePin
    main.o(i.Get_Defected) refers to main.o(i.Delay_micros) for Delay_micros
    main.o(i.HAL_TIM_PeriodElapsedCallback) refers to stm32f4xx_hal.o(i.HAL_IncTick) for HAL_IncTick
    main.o(i.MX_ADC1_Init) refers to stm32f4xx_hal_adc.o(i.HAL_ADC_Init) for HAL_ADC_Init
    main.o(i.MX_ADC1_Init) refers to stm32f4xx_hal_adc.o(i.HAL_ADC_ConfigChannel) for HAL_ADC_ConfigChannel
    main.o(i.MX_ADC1_Init) refers to main.o(.bss) for .bss
    main.o(i.MX_GPIO_Init) refers to stm32f4xx_hal_gpio.o(i.HAL_GPIO_WritePin) for HAL_GPIO_WritePin
    main.o(i.MX_GPIO_Init) refers to stm32f4xx_hal_gpio.o(i.HAL_GPIO_Init) for HAL_GPIO_Init
    main.o(i.Main_Arm_Task_function) refers to f2d.o(.text) for __aeabi_f2d
    main.o(i.Main_Arm_Task_function) refers to cos.o(i.__hardfp_cos) for __hardfp_cos
    main.o(i.Main_Arm_Task_function) refers to dmul.o(.text) for __aeabi_dmul
    main.o(i.Main_Arm_Task_function) refers to dadd.o(.text) for __aeabi_dadd
    main.o(i.Main_Arm_Task_function) refers to d2f.o(.text) for __aeabi_d2f
    main.o(i.Main_Arm_Task_function) refers to sin.o(i.__hardfp_sin) for __hardfp_sin
    main.o(i.Main_Arm_Task_function) refers to main.o(i.check_Defected) for check_Defected
    main.o(i.Main_Arm_Task_function) refers to main.o(i.Get_Defected) for Get_Defected
    main.o(i.Main_Arm_Task_function) refers to main.o(i.Set_joint_angles) for Set_joint_angles
    main.o(i.Main_Arm_Task_function) refers to stm32f4xx_hal_gpio.o(i.HAL_GPIO_WritePin) for HAL_GPIO_WritePin
    main.o(i.Main_Arm_Task_function) refers to main.o(.data) for .data
    main.o(i.Set_joint_angles) refers to main.o(.data) for .data
    main.o(i.StartDefaultTask) refers to cmsis_os.o(i.osDelay) for osDelay
    main.o(i.Stepper1_Task_function) refers to f2d.o(.text) for __aeabi_f2d
    main.o(i.Stepper1_Task_function) refers to dadd.o(.text) for __aeabi_dsub
    main.o(i.Stepper1_Task_function) refers to cdcmple.o(.text) for __aeabi_cdcmple
    main.o(i.Stepper1_Task_function) refers to cdrcmple.o(.text) for __aeabi_cdrcmple
    main.o(i.Stepper1_Task_function) refers to stm32f4xx_hal_gpio.o(i.HAL_GPIO_WritePin) for HAL_GPIO_WritePin
    main.o(i.Stepper1_Task_function) refers to d2f.o(.text) for __aeabi_d2f
    main.o(i.Stepper1_Task_function) refers to main.o(i.Delay_micros) for Delay_micros
    main.o(i.Stepper1_Task_function) refers to main.o(.data) for .data
    main.o(i.Stepper2_Task_function) refers to cmsis_os.o(i.osDelay) for osDelay
    main.o(i.Stepper3_Task_function) refers to cmsis_os.o(i.osDelay) for osDelay
    main.o(i.Stepper4_Task_function) refers to cmsis_os.o(i.osDelay) for osDelay
    main.o(i.SystemClock_Config) refers to stm32f4xx_hal_rcc_ex.o(i.HAL_RCC_OscConfig) for HAL_RCC_OscConfig
    main.o(i.SystemClock_Config) refers to stm32f4xx_hal_rcc.o(i.HAL_RCC_ClockConfig) for HAL_RCC_ClockConfig
    main.o(i.SystemClock_Config) refers to stm32f4xx_hal_rcc.o(i.HAL_RCC_GetHCLKFreq) for HAL_RCC_GetHCLKFreq
    main.o(i.SystemClock_Config) refers to stm32f4xx_hal_cortex.o(i.HAL_SYSTICK_Config) for HAL_SYSTICK_Config
    main.o(i.SystemClock_Config) refers to stm32f4xx_hal_cortex.o(i.HAL_SYSTICK_CLKSourceConfig) for HAL_SYSTICK_CLKSourceConfig
    main.o(i.SystemClock_Config) refers to stm32f4xx_hal_cortex.o(i.HAL_NVIC_SetPriority) for HAL_NVIC_SetPriority
    main.o(i.check_Defected) refers to stm32f4xx_hal_adc.o(i.HAL_ADC_Start) for HAL_ADC_Start
    main.o(i.check_Defected) refers to stm32f4xx_hal_adc.o(i.HAL_ADC_GetValue) for HAL_ADC_GetValue
    main.o(i.check_Defected) refers to main.o(.bss) for .bss
    main.o(i.check_Defected) refers to main.o(.data) for .data
    main.o(i.fputc) refers to stm32f4xx_hal_uart.o(i.HAL_UART_Transmit) for HAL_UART_Transmit
    main.o(i.fputc) refers to main.o(.bss) for .bss
    main.o(i.main) refers to stm32f4xx_hal.o(i.HAL_Init) for HAL_Init
[...]
    Removing tasks.o(i.vTaskPlaceOnEventList), (48 bytes).
    Removing tasks.o(i.vTaskPlaceOnUnorderedEventList), (80 bytes).
    Removing tasks.o(i.vTaskPriorityInherit), (132 bytes).
    Removing tasks.o(i.vTaskPrioritySet), (196 bytes).
    Removing tasks.o(i.vTaskResume), (124 bytes).
    Removing tasks.o(i.vTaskSetTimeOutState), (36 bytes).
    Removing tasks.o(i.vTaskSuspend), (176 bytes).
    Removing tasks.o(i.xTaskCheckForTimeOut), (108 bytes).
    Removing tasks.o(i.xTaskGenericNotify), (204 bytes).
    Removing tasks.o(i.xTaskGenericNotifyFromISR), (240 bytes).
    Removing tasks.o(i.xTaskGetCurrentTaskHandle), (12 bytes).
    Removing tasks.o(i.xTaskGetTickCount), (12 bytes).
    Removing tasks.o(i.xTaskGetTickCountFromISR), (16 bytes).
    Removing tasks.o(i.xTaskNotifyStateClear), (52 bytes).
    Removing tasks.o(i.xTaskNotifyWait), (140 bytes).
    Removing tasks.o(i.xTaskPriorityDisinherit), (152 bytes).
    Removing tasks.o(i.xTaskRemoveFromEventList), (116 bytes).
    Removing tasks.o(i.xTaskRemoveFromUnorderedEventList), (120 bytes).
    Removing tasks.o(i.xTaskResumeFromISR), (136 bytes).
    Removing cmsis_os.o(.rev16_text), (4 bytes).
    Removing cmsis_os.o(.revsh_text), (4 bytes).
    Removing cmsis_os.o(i.inHandlerMode), (12 bytes).
    Removing cmsis_os.o(i.makeCmsisPriority), (14 bytes).
    Removing cmsis_os.o(i.osAbortDelay), (4 bytes).
    Removing cmsis_os.o(i.osDelayUntil), (4 bytes).
    Removing cmsis_os.o(i.osKernelRunning), (18 bytes).
    Removing cmsis_os.o(i.osKernelSysTick), (24 bytes).
    Removing cmsis_os.o(i.osMailAlloc), (12 bytes).
    Removing cmsis_os.o(i.osMailCAlloc), (32 bytes).
    Removing cmsis_os.o(i.osMailCreate), (92 bytes).
    Removing cmsis_os.o(i.osMailFree), (12 bytes).
    Removing cmsis_os.o(i.osMailGet), (148 bytes).
    Removing cmsis_os.o(i.osMailPut), (92 bytes).
    Removing cmsis_os.o(i.osMessageAvailableSpace), (4 bytes).
    Removing cmsis_os.o(i.osMessageCreate), (8 bytes).
    Removing cmsis_os.o(i.osMessageDelete), (24 bytes).
    Removing cmsis_os.o(i.osMessageGet), (152 bytes).
    Removing cmsis_os.o(i.osMessagePeek), (78 bytes).
    Removing cmsis_os.o(i.osMessagePut), (92 bytes).
    Removing cmsis_os.o(i.osMessageWaiting), (30 bytes).
    Removing cmsis_os.o(i.osMutexCreate), (6 bytes).
    Removing cmsis_os.o(i.osMutexDelete), (24 bytes).
    Removing cmsis_os.o(i.osMutexRelease), (80 bytes).
    Removing cmsis_os.o(i.osMutexWait), (104 bytes).
    Removing cmsis_os.o(i.osPoolAlloc), (106 bytes).
    Removing cmsis_os.o(i.osPoolCAlloc), (16 bytes).
    Removing cmsis_os.o(i.osPoolCreate), (94 bytes).
    Removing cmsis_os.o(i.osPoolFree), (48 bytes).
    Removing cmsis_os.o(i.osRecursiveMutexCreate), (4 bytes).
    Removing cmsis_os.o(i.osRecursiveMutexRelease), (4 bytes).
    Removing cmsis_os.o(i.osRecursiveMutexWait), (4 bytes).
    Removing cmsis_os.o(i.osSemaphoreCreate), (38 bytes).
    Removing cmsis_os.o(i.osSemaphoreDelete), (24 bytes).
    Removing cmsis_os.o(i.osSemaphoreGetCount), (4 bytes).
    Removing cmsis_os.o(i.osSemaphoreRelease), (80 bytes).
    Removing cmsis_os.o(i.osSemaphoreWait), (104 bytes).
    Removing cmsis_os.o(i.osSignalSet), (92 bytes).
    Removing cmsis_os.o(i.osSignalWait), (86 bytes).
    Removing cmsis_os.o(i.osThreadGetId), (4 bytes).
    Removing cmsis_os.o(i.osThreadGetPriority), (32 bytes).
    Removing cmsis_os.o(i.osThreadList), (4 bytes).
    Removing cmsis_os.o(i.osThreadResume), (52 bytes).
    Removing cmsis_os.o(i.osThreadResumeAll), (18 bytes).
    Removing cmsis_os.o(i.osThreadSetPriority), (22 bytes).
    Removing cmsis_os.o(i.osThreadSuspend), (10 bytes).
    Removing cmsis_os.o(i.osThreadSuspendAll), (10 bytes).
    Removing cmsis_os.o(i.osThreadTerminate), (10 bytes).
    Removing cmsis_os.o(i.osThreadYield), (24 bytes).
    Removing cmsis_os.o(i.osTimerCreate), (4 bytes).
    Removing cmsis_os.o(i.osTimerDelete), (4 bytes).
    Removing cmsis_os.o(i.osTimerStart), (4 bytes).
    Removing cmsis_os.o(i.osTimerStop), (4 bytes).
    Removing dneg.o(.text), (6 bytes).

547 unused section(s) (total 35623 bytes) removed from the image.

==============================================================================

Image Symbol Table

    Local Symbols

    Symbol Name                              Value     Ov Type        Size  Object(Section)

    ..//Src/system_stm32f4xx.c               0x00000000   Number         0  system_stm32f4xx.o ABSOLUTE
    ../Drivers/STM32F4xx_HAL_Driver/Src/stm32f4xx_hal.c 0x00000000   Number         0  stm32f4xx_hal.o ABSOLUTE
    ../Drivers/STM32F4xx_HAL_Driver/Src/stm32f4xx_hal_adc.c 0x00000000   Number         0  stm32f4xx_hal_adc.o ABSOLUTE
    ../Drivers/STM32F4xx_HAL_Driver/Src/stm32f4xx_hal_adc_ex.c 0x00000000   Number         0  stm32f4xx_hal_adc_ex.o ABSOLUTE
    ../Drivers/STM32F4xx_HAL_Driver/Src/stm32f4xx_hal_cortex.c 0x00000000   Number         0  stm32f4xx_hal_cortex.o ABSOLUTE
    ../Drivers/STM32F4xx_HAL_Driver/Src/stm32f4xx_hal_dma.c 0x00000000   Number         0  stm32f4xx_hal_dma.o ABSOLUTE
    ../Drivers/STM32F4xx_HAL_Driver/Src/stm32f4xx_hal_dma_ex.c 0x00000000   Number         0  stm32f4xx_hal_dma_ex.o ABSOLUTE
    ../Drivers/STM32F4xx_HAL_Driver/Src/stm32f4xx_hal_flash.c 0x00000000   Number         0  stm32f4xx_hal_flash.o ABSOLUTE
    ../Drivers/STM32F4xx_HAL_Driver/Src/stm32f4xx_hal_flash_ex.c 0x00000000   Number         0  stm32f4xx_hal_flash_ex.o ABSOLUTE
    ../Drivers/STM32F4xx_HAL_Driver/Src/stm32f4xx_hal_flash_ramfunc.c 0x00000000   Number         0  stm32f4xx_hal_flash_ramfunc.o ABSOLUTE
    ../Drivers/STM32F4xx_HAL_Driver/Src/stm32f4xx_hal_gpio.c 0x00000000   Number         0  stm32f4xx_hal_gpio.o ABSOLUTE
    ../Drivers/STM32F4xx_HAL_Driver/Src/stm32f4xx_hal_pwr.c 0x00000000   Number         0  stm32f4xx_hal_pwr.o ABSOLUTE
    ../Drivers/STM32F4xx_HAL_Driver/Src/stm32f4xx_hal_pwr_ex.c 0x00000000   Number         0  stm32f4xx_hal_pwr_ex.o ABSOLUTE
    ../Drivers/STM32F4xx_HAL_Driver/Src/stm32f4xx_hal_rcc.c 0x00000000   Number         0  stm32f4xx_hal_rcc.o ABSOLUTE
    ../Drivers/STM32F4xx_HAL_Driver/Src/stm32f4xx_hal_rcc_ex.c 0x00000000   Number         0  stm32f4xx_hal_rcc_ex.o ABSOLUTE
    ../Drivers/STM32F4xx_HAL_Driver/Src/stm32f4xx_hal_tim.c 0x00000000   Number         0  stm32f4xx_hal_tim.o ABSOLUTE
    ../Drivers/STM32F4xx_HAL_Driver/Src/stm32f4xx_hal_tim_ex.c 0x00000000   Number         0  stm32f4xx_hal_tim_ex.o ABSOLUTE
    ../Drivers/STM32F4xx_HAL_Driver/Src/stm32f4xx_hal_uart.c 0x00000000   Number         0  stm32f4xx_hal_uart.o ABSOLUTE
    ../Middlewares/Third_Party/FreeRTOS/Source/CMSIS_RTOS/cmsis_os.c 0x00000000   Number         0  cmsis_os.o ABSOLUTE
    ../Middlewares/Third_Party/FreeRTOS/Source/croutine.c 0x00000000   Number         0  croutine.o ABSOLUTE
    ../Middlewares/Third_Party/FreeRTOS/Source/event_groups.c 0x00000000   Number         0  event_groups.o ABSOLUTE
    ../Middlewares/Third_Party/FreeRTOS/Source/list.c 0x00000000   Number         0  list.o ABSOLUTE
    ../Middlewares/Third_Party/FreeRTOS/Source/portable/MemMang/heap_4.c 0x00000000   Number         0  heap_4.o ABSOLUTE
    ../Middlewares/Third_Party/FreeRTOS/Source/portable/RVDS/ARM_CM4F/port.c 0x00000000   Number         0  port.o ABSOLUTE
    ../Middlewares/Third_Party/FreeRTOS/Source/queue.c 0x00000000   Number         0  queue.o ABSOLUTE
    ../Middlewares/Third_Party/FreeRTOS/Source/tasks.c 0x00000000   Number         0  tasks.o ABSOLUTE
    ../Middlewares/Third_Party/FreeRTOS/Source/timers.c 0x00000000   Number         0  timers.o ABSOLUTE
    ../Src/freertos.c                        0x00000000   Number         0  freertos.o ABSOLUTE
    ../Src/main.c                            0x00000000   Number         0  main.o ABSOLUTE
    ../Src/stm32f4xx_hal_msp.c               0x00000000   Number         0  stm32f4xx_hal_msp.o ABSOLUTE
    ../Src/stm32f4xx_hal_timebase_TIM.c      0x00000000   Number         0  stm32f4xx_hal_timebase_tim.o ABSOLUTE
    ../Src/stm32f4xx_it.c                    0x00000000   Number         0  stm32f4xx_it.o ABSOLUTE
    ../clib/microlib/division.c              0x00000000   Number         0  uldiv.o ABSOLUTE
    ../clib/microlib/errno.c                 0x00000000   Number         0  errno.o ABSOLUTE
    ../clib/microlib/init/entry.s            0x00000000   Number         0  entry.o ABSOLUTE
    ../clib/microlib/init/entry.s            0x00000000   Number         0  entry10a.o ABSOLUTE
    ../clib/microlib/init/entry.s            0x00000000   Number         0  entry9b.o ABSOLUTE
    ../clib/microlib/init/entry.s            0x00000000   Number         0  entry10b.o ABSOLUTE
    ../clib/microlib/init/entry.s            0x00000000   Number         0  entry9a.o ABSOLUTE
    ../clib/microlib/init/entry.s            0x00000000   Number         0  entry11a.o ABSOLUTE
    ../clib/microlib/init/entry.s            0x00000000   Number         0  entry8b.o ABSOLUTE
    ../clib/microlib/init/entry.s            0x00000000   Number         0  entry8a.o ABSOLUTE
    ../clib/microlib/init/entry.s            0x00000000   Number         0  entry11b.o ABSOLUTE
    ../clib/microlib/init/entry.s            0x00000000   Number         0  entry7b.o ABSOLUTE
    ../clib/microlib/init/entry.s            0x00000000   Number         0  entry7a.o ABSOLUTE
    ../clib/microlib/init/entry.s            0x00000000   Number         0  entry5.o ABSOLUTE
    ../clib/microlib/init/entry.s            0x00000000   Number         0  entry2.o ABSOLUTE
    ../clib/microlib/longlong.c              0x00000000   Number         0  llshl.o ABSOLUTE
    ../clib/microlib/longlong.c              0x00000000   Number         0  llushr.o ABSOLUTE
    ../clib/microlib/longlong.c              0x00000000   Number         0  llsshr.o ABSOLUTE
    ../clib/microlib/string/memcpy.c         0x00000000   Number         0  memcpya.o ABSOLUTE
    ../clib/microlib/string/memcpy.c         0x00000000   Number         0  memcpyb.o ABSOLUTE
    ../clib/microlib/stubs.s                 0x00000000   Number         0  iusefp.o ABSOLUTE
    ../fplib/microlib/d2f.c                  0x00000000   Number         0  d2f.o ABSOLUTE
    ../fplib/microlib/f2d.c                  0x00000000   Number         0  f2d.o ABSOLUTE
    ../fplib/microlib/fpadd.c                0x00000000   Number         0  dadd.o ABSOLUTE
    ../fplib/microlib/fpdiv.c                0x00000000   Number         0  ddiv.o ABSOLUTE
    ../fplib/microlib/fpepilogue.c           0x00000000   Number         0  fepilogue.o ABSOLUTE
    ../fplib/microlib/fpepilogue.c           0x00000000   Number         0  depilogue.o ABSOLUTE
    ../fplib/microlib/fpfix.c                0x00000000   Number         0  dfixi.o ABSOLUTE
    ../fplib/microlib/fpflt.c                0x00000000   Number         0  dflti.o ABSOLUTE
    ../fplib/microlib/fpflt.c                0x00000000   Number         0  dfltui.o ABSOLUTE
    ../fplib/microlib/fpmul.c                0x00000000   Number         0  dmul.o ABSOLUTE
    ../fplib/microlib/fpneg.c                0x00000000   Number         0  dneg.o ABSOLUTE
    ../mathlib/cos.c                         0x00000000   Number         0  cos_x.o ABSOLUTE
    ../mathlib/cos.c                         0x00000000   Number         0  cos.o ABSOLUTE
    ../mathlib/cos_i.c                       0x00000000   Number         0  cos_i.o ABSOLUTE
    ../mathlib/dunder.c                      0x00000000   Number         0  dunder.o ABSOLUTE
    ../mathlib/fabs.c                        0x00000000   Number         0  fabs.o ABSOLUTE
    ../mathlib/fpclassify.c                  0x00000000   Number         0  fpclassify.o ABSOLUTE
    ../mathlib/poly.c                        0x00000000   Number         0  poly.o ABSOLUTE
    ../mathlib/rred.c                        0x00000000   Number         0  rred.o ABSOLUTE
    ../mathlib/sin.c                         0x00000000   Number         0  sin_x.o ABSOLUTE
    ../mathlib/sin.c                         0x00000000   Number         0  sin.o ABSOLUTE
    ../mathlib/sin_i.c                       0x00000000   Number         0  sin_i.o ABSOLUTE
    ../mathlib/sin_i.c                       0x00000000   Number         0  sin_i_x.o ABSOLUTE
    ..\Drivers\STM32F4xx_HAL_Driver\Src\stm32f4xx_hal.c 0x00000000   Number         0  stm32f4xx_hal.o ABSOLUTE
    ..\Drivers\STM32F4xx_HAL_Driver\Src\stm32f4xx_hal_adc.c 0x00000000   Number         0  stm32f4xx_hal_adc.o ABSOLUTE
    ..\Drivers\STM32F4xx_HAL_Driver\Src\stm32f4xx_hal_adc_ex.c 0x00000000   Number         0  stm32f4xx_hal_adc_ex.o ABSOLUTE
    ..\Drivers\STM32F4xx_HAL_Driver\Src\stm32f4xx_hal_cortex.c 0x00000000   Number         0  stm32f4xx_hal_cortex.o ABSOLUTE
    ..\Drivers\STM32F4xx_HAL_Driver\Src\stm32f4xx_hal_dma.c 0x00000000   Number         0  stm32f4xx_hal_dma.o ABSOLUTE
    ..\Drivers\STM32F4xx_HAL_Driver\Src\stm32f4xx_hal_dma_ex.c 0x00000000   Number         0  stm32f4xx_hal_dma_ex.o ABSOLUTE
    ..\Drivers\STM32F4xx_HAL_Driver\Src\stm32f4xx_hal_flash.c 0x00000000   Number         0  stm32f4xx_hal_flash.o ABSOLUTE
    ..\Drivers\STM32F4xx_HAL_Driver\Src\stm32f4xx_hal_flash_ex.c 0x00000000   Number         0  stm32f4xx_hal_flash_ex.o ABSOLUTE
    ..\Drivers\STM32F4xx_HAL_Driver\Src\stm32f4xx_hal_flash_ramfunc.c 0x00000000   Number         0  stm32f4xx_hal_flash_ramfunc.o ABSOLUTE
    ..\Drivers\STM32F4xx_HAL_Driver\Src\stm32f4xx_hal_gpio.c 0x00000000   Number         0  stm32f4xx_hal_gpio.o ABSOLUTE
    ..\Drivers\STM32F4xx_HAL_Driver\Src\stm32f4xx_hal_pwr.c 0x00000000   Number         0  stm32f4xx_hal_pwr.o ABSOLUTE
    ..\Drivers\STM32F4xx_HAL_Driver\Src\stm32f4xx_hal_pwr_ex.c 0x00000000   Number         0  stm32f4xx_hal_pwr_ex.o ABSOLUTE
    ..\Drivers\STM32F4xx_HAL_Driver\Src\stm32f4xx_hal_rcc.c 0x00000000   Number         0  stm32f4xx_hal_rcc.o ABSOLUTE
    ..\Drivers\STM32F4xx_HAL_Driver\Src\stm32f4xx_hal_rcc_ex.c 0x00000000   Number         0  stm32f4xx_hal_rcc_ex.o ABSOLUTE
    ..\Drivers\STM32F4xx_HAL_Driver\Src\stm32f4xx_hal_tim.c 0x00000000   Number         0  stm32f4xx_hal_tim.o ABSOLUTE
    ..\Drivers\STM32F4xx_HAL_Driver\Src\stm32f4xx_hal_tim_ex.c 0x00000000   Number         0  stm32f4xx_hal_tim_ex.o ABSOLUTE
    ..\Drivers\STM32F4xx_HAL_Driver\Src\stm32f4xx_hal_uart.c 0x00000000   Number         0  stm32f4xx_hal_uart.o ABSOLUTE
    ..\Middlewares\Third_Party\FreeRTOS\Source\CMSIS_RTOS\cmsis_os.c 0x00000000   Number         0  cmsis_os.o ABSOLUTE
    ..\Middlewares\Third_Party\FreeRTOS\Source\portable\RVDS\ARM_CM4F\port.c 0x00000000   Number         0  port.o ABSOLUTE
    ..\Src\main.c                            0x00000000   Number         0  main.o ABSOLUTE
    ..\Src\stm32f4xx_hal_msp.c               0x00000000   Number         0  stm32f4xx_hal_msp.o ABSOLUTE
    ..\Src\stm32f4xx_hal_timebase_TIM.c      0x00000000   Number         0  stm32f4xx_hal_timebase_tim.o ABSOLUTE
    ..\Src\stm32f4xx_it.c                    0x00000000   Number         0  stm32f4xx_it.o ABSOLUTE
    ..\\Src\system_stm32f4xx.c               0x00000000   Number         0  system_stm32f4xx.o ABSOLUTE
    cdcmple.s                                0x00000000   Number         0  cdcmple.o ABSOLUTE
    cdrcmple.s                               0x00000000   Number         0  cdrcmple.o ABSOLUTE
    dc.s                                     0x00000000   Number         0  dc.o ABSOLUTE
    handlers.s                               0x00000000   Number         0  handlers.o ABSOLUTE
    init.s                                   0x00000000   Number         0  init.o ABSOLUTE
    startup_stm32f410rx.s                    0x00000000   Number         0  startup_stm32f410rx.o ABSOLUTE
    RESET                                    0x08000000   Section      456  startup_stm32f410rx.o(RESET)
    .ARM.Collect$$$$00000000                 0x080001c8   Section        0  entry.o(.ARM.Collect$$$$00000000)
    .ARM.Collect$$$$00000001                 0x080001c8   Section        4  entry2.o(.ARM.Collect$$$$00000001)
    .ARM.Collect$$$$00000004                 0x080001cc   Section        4  entry5.o(.ARM.Collect$$$$00000004)
    .ARM.Collect$$$$00000008                 0x080001d0   Section        0  entry7b.o(.ARM.Collect$$$$00000008)
    .ARM.Collect$$$$0000000A                 0x080001d0   Section        0  entry8b.o(.ARM.Collect$$$$0000000A)
    .ARM.Collect$$$$0000000B                 0x080001d0   Section        8  entry9a.o(.ARM.Collect$$$$0000000B)
    .ARM.Collect$$$$0000000D                 0x080001d8   Section        0  entry10a.o(.ARM.Collect$$$$0000000D)
    .ARM.Collect$$$$0000000F                 0x080001d8   Section        0  entry11a.o(.ARM.Collect$$$$0000000F)
    .ARM.Collect$$$$00002712                 0x080001d8   Section        4  entry2.o(.ARM.Collect$$$$00002712)
    __lit__00000000                          0x080001d8   Data           4  entry2.o(.ARM.Collect$$$$00002712)
    .emb_text                                0x080001dc   Section      186  port.o(.emb_text)
    $v0                                      0x080001dc   Number         0  port.o(.emb_text)
    .text                                    0x08000298   Section       36  startup_stm32f410rx.o(.text)
    $v0                                      0x08000298   Number         0  startup_stm32f410rx.o(.text)
    .text                                    0x080002bc   Section        0  uldiv.o(.text)
    .text                                    0x0800031e   Section        0  memcpya.o(.text)
    .text                                    0x08000342   Section        0  dadd.o(.text)
    .text                                    0x08000490   Section        0  dmul.o(.text)
    .text                                    0x08000574   Section        0  f2d.o(.text)
    .text                                    0x0800059c   Section       48  cdcmple.o(.text)
    .text                                    0x080005cc   Section       48  cdrcmple.o(.text)
    .text                                    0x080005fc   Section        0  d2f.o(.text)
    .text                                    0x08000634   Section        0  llshl.o(.text)
    .text                                    0x08000652   Section        0  llushr.o(.text)
    .text                                    0x08000672   Section        0  llsshr.o(.text)
    .text                                    0x08000696   Section        0  iusefp.o(.text)
    .text                                    0x08000696   Section        0  fepilogue.o(.text)
    .text                                    0x08000704   Section        0  depilogue.o(.text)
    .text                                    0x080007c0   Section       36  init.o(.text)
    .text                                    0x080007e4   Section        0  ddiv.o(.text)
    .text                                    0x080008c2   Section        0  dflti.o(.text)
    .text                                    0x080008e4   Section        0  dfltui.o(.text)
    .text                                    0x080008fe   Section        0  dfixi.o(.text)
    i.ADC_Init                               0x0800093c   Section        0  stm32f4xx_hal_adc.o(i.ADC_Init)
    ADC_Init                                 0x0800093d   Thumb Code   280  stm32f4xx_hal_adc.o(i.ADC_Init)
    i.Delay_micros                           0x08000a60   Section        0  main.o(i.Delay_micros)
    i.Get_Defected                           0x08000a74   Section        0  main.o(i.Get_Defected)
    i.HAL_ADC_ConfigChannel                  0x08000b04   Section        0  stm32f4xx_hal_adc.o(i.HAL_ADC_ConfigChannel)
    i.HAL_ADC_GetValue                       0x08000c50   Section        0  stm32f4xx_hal_adc.o(i.HAL_ADC_GetValue)
    i.HAL_ADC_Init                           0x08000c56   Section        0  stm32f4xx_hal_adc.o(i.HAL_ADC_Init)
    i.HAL_ADC_MspInit                        0x08000cac   Section        0  stm32f4xx_hal_msp.o(i.HAL_ADC_MspInit)
    i.HAL_ADC_Start                          0x08000cf0   Section        0  stm32f4xx_hal_adc.o(i.HAL_ADC_Start)
    i.HAL_DMA_Abort_IT                       0x08000dac   Section        0  stm32f4xx_hal_dma.o(i.HAL_DMA_Abort_IT)
    i.HAL_GPIO_Init                          0x08000dd0   Section        0  stm32f4xx_hal_gpio.o(i.HAL_GPIO_Init)
    i.HAL_GPIO_WritePin                      0x08000f3c   Section        0  stm32f4xx_hal_gpio.o(i.HAL_GPIO_WritePin)
    i.HAL_GetTick                            0x08000f48   Section        0  stm32f4xx_hal.o(i.HAL_GetTick)
    i.HAL_IncTick                            0x08000f54   Section        0  stm32f4xx_hal.o(i.HAL_IncTick)
    i.HAL_Init                               0x08000f64   Section        0  stm32f4xx_hal.o(i.HAL_Init)
    i.HAL_InitTick                           0x08000f98   Section        0  stm32f4xx_hal_timebase_tim.o(i.HAL_InitTick)
    i.HAL_MspInit                            0x0800100c   Section        0  stm32f4xx_hal_msp.o(i.HAL_MspInit)
    i.HAL_NVIC_EnableIRQ                     0x08001090   Section        0  stm32f4xx_hal_cortex.o(i.HAL_NVIC_EnableIRQ)
    i.HAL_NVIC_SetPriority                   0x080010a8   Section        0  stm32f4xx_hal_cortex.o(i.HAL_NVIC_SetPriority)
    i.HAL_NVIC_SetPriorityGrouping           0x080010e8   Section        0  stm32f4xx_hal_cortex.o(i.HAL_NVIC_SetPriorityGrouping)
    i.HAL_RCC_ClockConfig                    0x0800110c   Section        0  stm32f4xx_hal_rcc.o(i.HAL_RCC_ClockConfig)
    i.HAL_RCC_GetClockConfig                 0x0800123c   Section        0  stm32f4xx_hal_rcc.o(i.HAL_RCC_GetClockConfig)
    i.HAL_RCC_GetHCLKFreq                    0x0800127c   Section        0  stm32f4xx_hal_rcc.o(i.HAL_RCC_GetHCLKFreq)
    i.HAL_RCC_GetPCLK1Freq                   0x08001288   Section        0  stm32f4xx_hal_rcc.o(i.HAL_RCC_GetPCLK1Freq)
    i.HAL_RCC_GetPCLK2Freq                   0x080012a8   Section        0  stm32f4xx_hal_rcc.o(i.HAL_RCC_GetPCLK2Freq)
    i.HAL_RCC_GetSysClockFreq                0x080012c8   Section        0  stm32f4xx_hal_rcc.o(i.HAL_RCC_GetSysClockFreq)
    i.HAL_RCC_OscConfig                      0x08001328   Section        0  stm32f4xx_hal_rcc_ex.o(i.HAL_RCC_OscConfig)
    i.HAL_SYSTICK_CLKSourceConfig            0x0800164c   Section        0  stm32f4xx_hal_cortex.o(i.HAL_SYSTICK_CLKSourceConfig)
    i.HAL_SYSTICK_Config                     0x08001664   Section        0  stm32f4xx_hal_cortex.o(i.HAL_SYSTICK_Config)
    i.HAL_TIMEx_BreakCallback                0x0800168c   Section        0  stm32f4xx_hal_tim_ex.o(i.HAL_TIMEx_BreakCallback)
    i.HAL_TIMEx_CommutationCallback          0x0800168e   Section        0  stm32f4xx_hal_tim_ex.o(i.HAL_TIMEx_CommutationCallback)
    i.HAL_TIMEx_MasterConfigSynchronization  0x08001690   Section        0  stm32f4xx_hal_tim_ex.o(i.HAL_TIMEx_MasterConfigSynchronization)
    i.HAL_TIM_Base_Init                      0x080016e0   Section        0  stm32f4xx_hal_tim.o(i.HAL_TIM_Base_Init)
    i.HAL_TIM_Base_MspInit                   0x08001718   Section        0  stm32f4xx_hal_msp.o(i.HAL_TIM_Base_MspInit)
    i.HAL_TIM_Base_Start_IT                  0x08001754   Section        0  stm32f4xx_hal_tim.o(i.HAL_TIM_Base_Start_IT)
    i.HAL_TIM_IC_CaptureCallback             0x0800176c   Section        0  stm32f4xx_hal_tim.o(i.HAL_TIM_IC_CaptureCallback)
    i.HAL_TIM_IRQHandler                     0x0800176e   Section        0  stm32f4xx_hal_tim.o(i.HAL_TIM_IRQHandler)
    i.HAL_TIM_OC_DelayElapsedCallback        0x080018d4   Section        0  stm32f4xx_hal_tim.o(i.HAL_TIM_OC_DelayElapsedCallback)
    i.HAL_TIM_PWM_PulseFinishedCallback      0x080018d6   Section        0  stm32f4xx_hal_tim.o(i.HAL_TIM_PWM_PulseFinishedCallback)
    i.HAL_TIM_PeriodElapsedCallback          0x080018d8   Section        0  main.o(i.HAL_TIM_PeriodElapsedCallback)
    i.HAL_TIM_TriggerCallback                0x080018ec   Section        0  stm32f4xx_hal_tim.o(i.HAL_TIM_TriggerCallback)
    i.HAL_UART_ErrorCallback                 0x080018ee   Section        0  stm32f4xx_hal_uart.o(i.HAL_UART_ErrorCallback)
    i.HAL_UART_IRQHandler                    0x080018f0   Section        0  stm32f4xx_hal_uart.o(i.HAL_UART_IRQHandler)
    i.HAL_UART_Init                          0x08001a00   Section        0  stm32f4xx_hal_uart.o(i.HAL_UART_Init)
    i.HAL_UART_MspInit                       0x08001a64   Section        0  stm32f4xx_hal_msp.o(i.HAL_UART_MspInit)
    i.HAL_UART_Receive_IT                    0x08001ac0   Section        0  stm32f4xx_hal_uart.o(i.HAL_UART_Receive_IT)
    i.HAL_UART_RxCpltCallback                0x08001b08   Section        0  stm32f4xx_hal_uart.o(i.HAL_UART_RxCpltCallback)
    i.HAL_UART_TxCpltCallback                0x08001b0a   Section        0  stm32f4xx_hal_uart.o(i.HAL_UART_TxCpltCallback)
    i.MX_ADC1_Init                           0x08001b0c   Section        0  main.o(i.MX_ADC1_Init)
    MX_ADC1_Init                             0x08001b0d   Thumb Code    72  main.o(i.MX_ADC1_Init)
    i.MX_GPIO_Init                           0x08001b60   Section        0  main.o(i.MX_GPIO_Init)
    MX_GPIO_Init                             0x08001b61   Thumb Code   204  main.o(i.MX_GPIO_Init)
    i.Main_Arm_Task_function                 0x08001c40   Section        0  main.o(i.Main_Arm_Task_function)
    i.NVIC_SetPriority                       0x08001e88   Section        0  stm32f4xx_hal_cortex.o(i.NVIC_SetPriority)
    NVIC_SetPriority                         0x08001e89   Thumb Code    32  stm32f4xx_hal_cortex.o(i.NVIC_SetPriority)
    i.Set_joint_angles                       0x08001ea8   Section        0  main.o(i.Set_joint_angles)
    i.StartDefaultTask                       0x08001ec8   Section        0  main.o(i.StartDefaultTask)
    i.Stepper1_Task_function                 0x08001ed0   Section        0  main.o(i.Stepper1_Task_function)
    i.Stepper2_Task_function                 0x08001fc8   Section        0  main.o(i.Stepper2_Task_function)
    i.Stepper3_Task_function                 0x08001fd0   Section        0  main.o(i.Stepper3_Task_function)
    i.Stepper4_Task_function                 0x08001fd8   Section        0  main.o(i.Stepper4_Task_function)
    i.SysTick_Handler                        0x08001fe0   Section        0  stm32f4xx_it.o(i.SysTick_Handler)
    i.SystemClock_Config                     0x08001fe4   Section        0  main.o(i.SystemClock_Config)
    i.SystemInit                             0x08002080   Section        0  system_stm32f4xx.o(i.SystemInit)
    i.TIM1_UP_IRQHandler                     0x080020d4   Section        0  stm32f4xx_it.o(i.TIM1_UP_IRQHandler)
    i.TIM6_DAC_IRQHandler                    0x080020e0   Section        0  stm32f4xx_it.o(i.TIM6_DAC_IRQHandler)
    i.TIM_Base_SetConfig                     0x080020ec   Section        0  stm32f4xx_hal_tim.o(i.TIM_Base_SetConfig)
    i.UART_DMAAbortOnError                   0x08002148   Section        0  stm32f4xx_hal_uart.o(i.UART_DMAAbortOnError)
    UART_DMAAbortOnError                     0x08002149   Thumb Code    16  stm32f4xx_hal_uart.o(i.UART_DMAAbortOnError)
    i.UART_EndRxTransfer                     0x08002158   Section        0  stm32f4xx_hal_uart.o(i.UART_EndRxTransfer)
    UART_EndRxTransfer                       0x08002159   Thumb Code    28  stm32f4xx_hal_uart.o(i.UART_EndRxTransfer)
    i.UART_Receive_IT                        0x08002174   Section        0  stm32f4xx_hal_uart.o(i.UART_Receive_IT)
    UART_Receive_IT                          0x08002175   Thumb Code   140  stm32f4xx_hal_uart.o(i.UART_Receive_IT)
    i.UART_SetConfig                         0x08002200   Section        0  stm32f4xx_hal_uart.o(i.UART_SetConfig)
    UART_SetConfig                           0x08002201   Thumb Code   676  stm32f4xx_hal_uart.o(i.UART_SetConfig)
    i.UART_Transmit_IT                       0x080024ac   Section        0  stm32f4xx_hal_uart.o(i.UART_Transmit_IT)
    UART_Transmit_IT                         0x080024ad   Thumb Code    98  stm32f4xx_hal_uart.o(i.UART_Transmit_IT)
    i.USART2_IRQHandler                      0x08002510   Section        0  stm32f4xx_it.o(i.USART2_IRQHandler)
    i.__ARM_fpclassify                       0x080025f0   Section        0  fpclassify.o(i.__ARM_fpclassify)
    i.__hardfp_cos                           0x08002620   Section        0  cos.o(i.__hardfp_cos)
    i.__hardfp_sin                           0x080026e8   Section        0  sin.o(i.__hardfp_sin)
    i.__ieee754_rem_pio2                     0x080027b0   Section        0  rred.o(i.__ieee754_rem_pio2)
    i.__kernel_cos                           0x08002be8   Section        0  cos_i.o(i.__kernel_cos)
    i.__kernel_poly                          0x08002d58   Section        0  poly.o(i.__kernel_poly)
    i.__kernel_sin                           0x08002e50   Section        0  sin_i.o(i.__kernel_sin)
    i.__mathlib_dbl_infnan                   0x08002f80   Section        0  dunder.o(i.__mathlib_dbl_infnan)
    i.__mathlib_dbl_invalid                  0x08002f98   Section        0  dunder.o(i.__mathlib_dbl_invalid)
    i.__mathlib_dbl_underflow                0x08002fb8   Section        0  dunder.o(i.__mathlib_dbl_underflow)
    i.__scatterload_copy                     0x08002fd8   Section       14  handlers.o(i.__scatterload_copy)
    i.__scatterload_null                     0x08002fe6   Section        2  handlers.o(i.__scatterload_null)
    i.__scatterload_zeroinit                 0x08002fe8   Section       14  handlers.o(i.__scatterload_zeroinit)
    i.__set_errno                            0x08002ff8   Section        0  errno.o(i.__set_errno)
    i.check_Defected                         0x08003004   Section        0  main.o(i.check_Defected)
    i.fabs                                   0x0800302c   Section        0  fabs.o(i.fabs)
    i.main                                   0x08003044   Section        0  main.o(i.main)
    i.makeFreeRtosPriority                   0x08003150   Section        0  cmsis_os.o(i.makeFreeRtosPriority)
    makeFreeRtosPriority                     0x08003151   Thumb Code    12  cmsis_os.o(i.makeFreeRtosPriority)
    i.osDelay                                0x0800315c   Section        0  cmsis_os.o(i.osDelay)
    i.osKernelStart                          0x0800316a   Section        0  cmsis_os.o(i.osKernelStart)
    i.osSystickHandler                       0x08003174   Section        0  cmsis_os.o(i.osSystickHandler)
    i.osThreadCreate                         0x08003188   Section        0  cmsis_os.o(i.osThreadCreate)
    i.prvAddCurrentTaskToDelayedList         0x080031b8   Section        0  tasks.o(i.prvAddCurrentTaskToDelayedList)
    prvAddCurrentTaskToDelayedList           0x080031b9   Thumb Code   102  tasks.o(i.prvAddCurrentTaskToDelayedList)
    i.prvAddNewTaskToReadyList               0x08003228   Section        0  tasks.o(i.prvAddNewTaskToReadyList)
    prvAddNewTaskToReadyList                 0x08003229   Thumb Code   194  tasks.o(i.prvAddNewTaskToReadyList)
    i.prvCheckTasksWaitingTermination        0x080032f8   Section        0  tasks.o(i.prvCheckTasksWaitingTermination)
    prvCheckTasksWaitingTermination          0x080032f9   Thumb Code    70  tasks.o(i.prvCheckTasksWaitingTermination)
    i.prvDeleteTCB                           0x08003348   Section        0  tasks.o(i.prvDeleteTCB)
    prvDeleteTCB                             0x08003349   Thumb Code    20  tasks.o(i.prvDeleteTCB)
    i.prvHeapInit                            0x0800335c   Section        0  heap_4.o(i.prvHeapInit)
    prvHeapInit                              0x0800335d   Thumb Code    66  heap_4.o(i.prvHeapInit)
    i.prvIdleTask                            0x080033a8   Section        0  tasks.o(i.prvIdleTask)
    prvIdleTask                              0x080033a9   Thumb Code    30  tasks.o(i.prvIdleTask)
    i.prvInitialiseNewTask                   0x080033d0   Section        0  tasks.o(i.prvInitialiseNewTask)
    prvInitialiseNewTask                     0x080033d1   Thumb Code   142  tasks.o(i.prvInitialiseNewTask)
    i.prvInsertBlockIntoFreeList             0x08003460   Section        0  heap_4.o(i.prvInsertBlockIntoFreeList)
    prvInsertBlockIntoFreeList               0x08003461   Thumb Code    72  heap_4.o(i.prvInsertBlockIntoFreeList)
    i.prvResetNextTaskUnblockTime            0x080034ac   Section        0  tasks.o(i.prvResetNextTaskUnblockTime)
    prvResetNextTaskUnblockTime              0x080034ad   Thumb Code    26  tasks.o(i.prvResetNextTaskUnblockTime)
    i.prvTaskExitError                       0x080034cc   Section        0  port.o(i.prvTaskExitError)
    prvTaskExitError                         0x080034cd   Thumb Code    36  port.o(i.prvTaskExitError)
    i.pvPortMalloc                           0x080034f4   Section        0  heap_4.o(i.pvPortMalloc)
    i.pxPortInitialiseStack                  0x080035cc   Section        0  port.o(i.pxPortInitialiseStack)
    i.uxListRemove                           0x080035f8   Section        0  list.o(i.uxListRemove)
    i.vListInitialise                        0x0800361c   Section        0  list.o(i.vListInitialise)
    i.vListInitialiseItem                    0x08003632   Section        0  list.o(i.vListInitialiseItem)
    i.vListInsert                            0x08003638   Section        0  list.o(i.vListInsert)
    i.vListInsertEnd                         0x08003668   Section        0  list.o(i.vListInsertEnd)
    i.vPortEnterCritical                     0x08003680   Section        0  port.o(i.vPortEnterCritical)
    i.vPortExitCritical                      0x080036c0   Section        0  port.o(i.vPortExitCritical)
    i.vPortFree                              0x080036e8   Section        0  heap_4.o(i.vPortFree)
    i.vPortSetupTimerInterrupt               0x08003744   Section        0  port.o(i.vPortSetupTimerInterrupt)
    i.vTaskDelay                             0x08003764   Section        0  tasks.o(i.vTaskDelay)
    i.vTaskStartScheduler                    0x080037b0   Section        0  tasks.o(i.vTaskStartScheduler)
    i.vTaskSuspendAll                        0x08003818   Section        0  tasks.o(i.vTaskSuspendAll)
    i.vTaskSwitchContext                     0x08003828   Section        0  tasks.o(i.vTaskSwitchContext)
    i.xPortStartScheduler                    0x08003884   Section        0  port.o(i.xPortStartScheduler)
    i.xPortSysTickHandler                    0x08003964   Section        0  port.o(i.xPortSysTickHandler)
    i.xTaskCreate                            0x08003990   Section        0  tasks.o(i.xTaskCreate)
    i.xTaskGetSchedulerState                 0x080039e8   Section        0  tasks.o(i.xTaskGetSchedulerState)
    i.xTaskIncrementTick                     0x08003a04   Section        0  tasks.o(i.xTaskIncrementTick)
    i.xTaskResumeAll                         0x08003acc   Section        0  tasks.o(i.xTaskResumeAll)
    .constdata                               0x08003b90   Section        1  main.o(.constdata)
    .constdata                               0x08003b91   Section        1  main.o(.constdata)
    .constdata                               0x08003b94   Section      120  main.o(.constdata)
    .constdata                               0x08003c0c   Section       16  system_stm32f4xx.o(.constdata)
    .constdata                               0x08003c1c   Section        8  system_stm32f4xx.o(.constdata)
    .constdata                               0x08003c28   Section       48  cos_i.o(.constdata)
    C                                        0x08003c28   Data          48  cos_i.o(.constdata)
    .constdata                               0x08003c58   Section      200  rred.o(.constdata)
    pio2s                                    0x08003c58   Data          48  rred.o(.constdata)
    twooverpi                                0x08003c88   Data         152  rred.o(.constdata)
    .constdata                               0x08003d20   Section       40  sin_i.o(.constdata)
    S                                        0x08003d20   Data          40  sin_i.o(.constdata)
    .conststring                             0x08003d48   Section       92  main.o(.conststring)
    .data                                    0x20000000   Section       92  main.o(.data)
    .data                                    0x2000005c   Section        4  main.o(.data)
    .data                                    0x20000060   Section        4  main.o(.data)
    .data                                    0x20000064   Section        4  main.o(.data)
    .data                                    0x20000068   Section        3  main.o(.data)
    .data                                    0x2000006b   Section        3  main.o(.data)
    .data                                    0x2000006e   Section        6  main.o(.data)
    .data                                    0x20000074   Section       12  stm32f4xx_hal.o(.data)
    .data                                    0x20000080   Section        4  system_stm32f4xx.o(.data)
    .data                                    0x20000084   Section       24  heap_4.o(.data)
    pxEnd                                    0x20000084   Data           4  heap_4.o(.data)
    xFreeBytesRemaining                      0x20000088   Data           4  heap_4.o(.data)
    xMinimumEverFreeBytesRemaining           0x2000008c   Data           4  heap_4.o(.data)
    xBlockAllocatedBit                       0x20000090   Data           4  heap_4.o(.data)
    xStart                                   0x20000094   Data           8  heap_4.o(.data)
    .data                                    0x2000009c   Section       12  port.o(.data)
    ucMaxSysCallPriority                     0x2000009c   Data           1  port.o(.data)
    uxCriticalNesting                        0x200000a0   Data           4  port.o(.data)
    ulMaxPRIGROUPValue                       0x200000a4   Data           4  port.o(.data)
    .data                                    0x200000a8   Section       60  tasks.o(.data)
    uxDeletedTasksWaitingCleanUp             0x200000ac   Data           4  tasks.o(.data)
    uxCurrentNumberOfTasks                   0x200000b0   Data           4  tasks.o(.data)
    xTickCount                               0x200000b4   Data           4  tasks.o(.data)
    uxTopReadyPriority                       0x200000b8   Data           4  tasks.o(.data)
    xSchedulerRunning                        0x200000bc   Data           4  tasks.o(.data)
    uxPendedTicks                            0x200000c0   Data           4  tasks.o(.data)
    xYieldPending                            0x200000c4   Data           4  tasks.o(.data)
    xNumOfOverflows                          0x200000c8   Data           4  tasks.o(.data)
    uxTaskNumber                             0x200000cc   Data           4  tasks.o(.data)
    xNextTaskUnblockTime                     0x200000d0   Data           4  tasks.o(.data)
    xIdleTaskHandle                          0x200000d4   Data           4  tasks.o(.data)
    uxSchedulerSuspended                     0x200000d8   Data           4  tasks.o(.data)
    pxDelayedTaskList                        0x200000dc   Data           4  tasks.o(.data)
    pxOverflowDelayedTaskList                0x200000e0   Data           4  tasks.o(.data)
    .data                                    0x200000e4   Section        4  errno.o(.data)
    _errno                                   0x200000e4   Data           4  errno.o(.data)
    .bss                                     0x200000e8   Section      196  main.o(.bss)
    .bss                                     0x200001ac   Section       60  stm32f4xx_hal_timebase_tim.o(.bss)
    .bss                                     0x200001e8   Section    15360  heap_4.o(.bss)
    ucHeap                                   0x200001e8   Data       15360  heap_4.o(.bss)
    .bss                                     0x20003de8   Section      240  tasks.o(.bss)
    pxReadyTasksLists                        0x20003de8   Data         140  tasks.o(.bss)
    xDelayedTaskList1                        0x20003e74   Data          20  tasks.o(.bss)
    xDelayedTaskList2                        0x20003e88   Data          20  tasks.o(.bss)
    xPendingReadyList                        0x20003e9c   Data          20  tasks.o(.bss)
    xTasksWaitingTermination                 0x20003eb0   Data          20  tasks.o(.bss)
    xSuspendedTaskList                       0x20003ec4   Data          20  tasks.o(.bss)
    STACK                                    0x20003ed8   Section     1024  startup_stm32f410rx.o(STACK)

    Global Symbols

    Symbol Name                              Value     Ov Type        Size  Object(Section)

    BuildAttributes$$THM_ISAv4$E$P$D$K$B$S$7EM$VFPi3$EXTD16$VFPS$VFMA$PE$A:L22UL41UL21$X:L11$S22US41US21$IEEE1$IW$USESV6$~STKCKD$USESV7$~SHL$OTIME$ROPI$IEEEX$EBA8$MICROLIB$REQ8$PRES8$EABIv2 0x00000000   Number         0  anon$$obj.o ABSOLUTE
    __ARM_use_no_argv                        0x00000000   Number         0  main.o ABSOLUTE
    __cpp_initialize__aeabi_                  - Undefined Weak Reference
    __cxa_finalize                            - Undefined Weak Reference
    __decompress                              - Undefined Weak Reference
    _clock_init                               - Undefined Weak Reference
    _microlib_exit                            - Undefined Weak Reference
    __Vectors_Size                           0x000001c8   Number         0  startup_stm32f410rx.o ABSOLUTE
    __Vectors                                0x08000000   Data           4  startup_stm32f410rx.o(RESET)
    __Vectors_End                            0x080001c8   Data           0  startup_stm32f410rx.o(RESET)
    __main                                   0x080001c9   Thumb Code     0  entry.o(.ARM.Collect$$$$00000000)
    _main_stk                                0x080001c9   Thumb Code     0  entry2.o(.ARM.Collect$$$$00000001)
    _main_scatterload                        0x080001cd   Thumb Code     0  entry5.o(.ARM.Collect$$$$00000004)
    __main_after_scatterload                 0x080001d1   Thumb Code     0  entry5.o(.ARM.Collect$$$$00000004)
    _main_clock                              0x080001d1   Thumb Code     0  entry7b.o(.ARM.Collect$$$$00000008)
    _main_cpp_init                           0x080001d1   Thumb Code     0  entry8b.o(.ARM.Collect$$$$0000000A)
    _main_init                               0x080001d1   Thumb Code     0  entry9a.o(.ARM.Collect$$$$0000000B)
    __rt_final_cpp                           0x080001d9   Thumb Code     0  entry10a.o(.ARM.Collect$$$$0000000D)
    __rt_final_exit                          0x080001d9   Thumb Code     0  entry11a.o(.ARM.Collect$$$$0000000F)
    SVC_Handler                              0x080001dd   Thumb Code    28  port.o(.emb_text)
    __asm___6_port_c_39a90d8d__prvStartFirstTask 0x080001fd   Thumb Code    28  port.o(.emb_text)
    __asm___6_port_c_39a90d8d__prvEnableVFP  0x0800021d   Thumb Code    16  port.o(.emb_text)
    PendSV_Handler                           0x08000231   Thumb Code    92  port.o(.emb_text)
    vPortGetIPSR                             0x08000291   Thumb Code     6  port.o(.emb_text)
    Reset_Handler                            0x08000299   Thumb Code     8  startup_stm32f410rx.o(.text)
    NMI_Handler                              0x080002a1   Thumb Code     2  startup_stm32f410rx.o(.text)
    HardFault_Handler                        0x080002a3   Thumb Code     2  startup_stm32f410rx.o(.text)
    MemManage_Handler                        0x080002a5   Thumb Code     2  startup_stm32f410rx.o(.text)
    BusFault_Handler                         0x080002a7   Thumb Code     2  startup_stm32f410rx.o(.text)
    UsageFault_Handler                       0x080002a9   Thumb Code     2  startup_stm32f410rx.o(.text)
    DebugMon_Handler                         0x080002ad   Thumb Code     2  startup_stm32f410rx.o(.text)
    ADC_IRQHandler                           0x080002b3   Thumb Code     0  startup_stm32f410rx.o(.text)
    DMA1_Stream0_IRQHandler                  0x080002b3   Thumb Code     0  startup_stm32f410rx.o(.text)
    DMA1_Stream1_IRQHandler                  0x080002b3   Thumb Code     0  startup_stm32f410rx.o(.text)
    DMA1_Stream2_IRQHandler                  0x080002b3   Thumb Code     0  startup_stm32f410rx.o(.text)
    DMA1_Stream3_IRQHandler                  0x080002b3   Thumb Code     0  startup_stm32f410rx.o(.text)
    DMA1_Stream4_IRQHandler                  0x080002b3   Thumb Code     0  startup_stm32f410rx.o(.text)
    DMA1_Stream5_IRQHandler                  0x080002b3   Thumb Code     0  startup_stm32f410rx.o(.text)
    DMA1_Stream6_IRQHandler                  0x080002b3   Thumb Code     0  startup_stm32f410rx.o(.text)
    DMA1_Stream7_IRQHandler                  0x080002b3   Thumb Code     0  startup_stm32f410rx.o(.text)
    DMA2_Stream0_IRQHandler                  0x080002b3   Thumb Code     0  startup_stm32f410rx.o(.text)
    DMA2_Stream1_IRQHandler                  0x080002b3   Thumb Code     0  startup_stm32f410rx.o(.text)
    DMA2_Stream2_IRQHandler                  0x080002b3   Thumb Code     0  startup_stm32f410rx.o(.text)
    DMA2_Stream3_IRQHandler                  0x080002b3   Thumb Code     0  startup_stm32f410rx.o(.text)
    DMA2_Stream4_IRQHandler                  0x080002b3   Thumb Code     0  startup_stm32f410rx.o(.text)
    DMA2_Stream5_IRQHandler                  0x080002b3   Thumb Code     0  startup_stm32f410rx.o(.text)
    DMA2_Stream6_IRQHandler                  0x080002b3   Thumb Code     0  startup_stm32f410rx.o(.text)
    DMA2_Stream7_IRQHandler                  0x080002b3   Thumb Code     0  startup_stm32f410rx.o(.text)
    EXTI0_IRQHandler                         0x080002b3   Thumb Code     0  startup_stm32f410rx.o(.text)
    EXTI15_10_IRQHandler                     0x080002b3   Thumb Code     0  startup_stm32f410rx.o(.text)
    EXTI1_IRQHandler                         0x080002b3   Thumb Code     0  startup_stm32f410rx.o(.text)
    EXTI2_IRQHandler                         0x080002b3   Thumb Code     0  startup_stm32f410rx.o(.text)
    EXTI3_IRQHandler                         0x080002b3   Thumb Code     0  startup_stm32f410rx.o(.text)
    EXTI4_IRQHandler                         0x080002b3   Thumb Code     0  startup_stm32f410rx.o(.text)
    EXTI9_5_IRQHandler                       0x080002b3   Thumb Code     0  startup_stm32f410rx.o(.text)
    FLASH_IRQHandler                         0x080002b3   Thumb Code     0  startup_stm32f410rx.o(.text)
    FMPI2C1_ER_IRQHandler                    0x080002b3   Thumb Code     0  startup_stm32f410rx.o(.text)
    FMPI2C1_EV_IRQHandler                    0x080002b3   Thumb Code     0  startup_stm32f410rx.o(.text)
    FPU_IRQHandler                           0x080002b3   Thumb Code     0  startup_stm32f410rx.o(.text)
    I2C1_ER_IRQHandler                       0x080002b3   Thumb Code     0  startup_stm32f410rx.o(.text)
    I2C1_EV_IRQHandler                       0x080002b3   Thumb Code     0  startup_stm32f410rx.o(.text)
    I2C2_ER_IRQHandler                       0x080002b3   Thumb Code     0  startup_stm32f410rx.o(.text)
    I2C2_EV_IRQHandler                       0x080002b3   Thumb Code     0  startup_stm32f410rx.o(.text)
    LPTIM1_IRQHandler                        0x080002b3   Thumb Code     0  startup_stm32f410rx.o(.text)
    PVD_IRQHandler                           0x080002b3   Thumb Code     0  startup_stm32f410rx.o(.text)
    RCC_IRQHandler                           0x080002b3   Thumb Code     0  startup_stm32f410rx.o(.text)
    RNG_IRQHandler                           0x080002b3   Thumb Code     0  startup_stm32f410rx.o(.text)
    RTC_Alarm_IRQHandler                     0x080002b3   Thumb Code     0  startup_stm32f410rx.o(.text)
    RTC_WKUP_IRQHandler                      0x080002b3   Thumb Code     0  startup_stm32f410rx.o(.text)
    SPI1_IRQHandler                          0x080002b3   Thumb Code     0  startup_stm32f410rx.o(.text)
    SPI2_IRQHandler                          0x080002b3   Thumb Code     0  startup_stm32f410rx.o(.text)
    SPI5_IRQHandler                          0x080002b3   Thumb Code     0  startup_stm32f410rx.o(.text)
    TAMP_STAMP_IRQHandler                    0x080002b3   Thumb Code     0  startup_stm32f410rx.o(.text)
    TIM1_BRK_TIM9_IRQHandler                 0x080002b3   Thumb Code     0  startup_stm32f410rx.o(.text)
    TIM1_CC_IRQHandler                       0x080002b3   Thumb Code     0  startup_stm32f410rx.o(.text)
    TIM1_TRG_COM_TIM11_IRQHandler            0x080002b3   Thumb Code     0  startup_stm32f410rx.o(.text)
    TIM5_IRQHandler                          0x080002b3   Thumb Code     0  startup_stm32f410rx.o(.text)
    USART1_IRQHandler                        0x080002b3   Thumb Code     0  startup_stm32f410rx.o(.text)
    USART6_IRQHandler                        0x080002b3   Thumb Code     0  startup_stm32f410rx.o(.text)
    WWDG_IRQHandler                          0x080002b3   Thumb Code     0  startup_stm32f410rx.o(.text)
    __aeabi_uldivmod                         0x080002bd   Thumb Code    98  uldiv.o(.text)
    __aeabi_memcpy                           0x0800031f   Thumb Code    36  memcpya.o(.text)
    __aeabi_memcpy4                          0x0800031f   Thumb Code     0  memcpya.o(.text)
    __aeabi_memcpy8                          0x0800031f   Thumb Code     0  memcpya.o(.text)
    __aeabi_dadd                             0x08000343   Thumb Code   322  dadd.o(.text)
    __aeabi_dsub                             0x08000485   Thumb Code     6  dadd.o(.text)
    __aeabi_drsub                            0x0800048b   Thumb Code     6  dadd.o(.text)
    __aeabi_dmul                             0x08000491   Thumb Code   228  dmul.o(.text)
    __aeabi_f2d                              0x08000575   Thumb Code    38  f2d.o(.text)
    __aeabi_cdcmpeq                          0x0800059d   Thumb Code     0  cdcmple.o(.text)
    __aeabi_cdcmple                          0x0800059d   Thumb Code    48  cdcmple.o(.text)
    __aeabi_cdrcmple                         0x080005cd   Thumb Code    48  cdrcmple.o(.text)
    __aeabi_d2f                              0x080005fd   Thumb Code    56  d2f.o(.text)
    __aeabi_llsl                             0x08000635   Thumb Code    30  llshl.o(.text)
    _ll_shift_l                              0x08000635   Thumb Code     0  llshl.o(.text)
    __aeabi_llsr                             0x08000653   Thumb Code    32  llushr.o(.text)
    _ll_ushift_r                             0x08000653   Thumb Code     0  llushr.o(.text)
    __aeabi_lasr                             0x08000673   Thumb Code    36  llsshr.o(.text)
    _ll_sshift_r                             0x08000673   Thumb Code     0  llsshr.o(.text)
    __I$use$fp                               0x08000697   Thumb Code     0  iusefp.o(.text)
    _float_round                             0x08000697   Thumb Code    18  fepilogue.o(.text)
    _float_epilogue                          0x080006a9   Thumb Code    92  fepilogue.o(.text)
    _double_round                            0x08000705   Thumb Code    30  depilogue.o(.text)
    _double_epilogue                         0x08000723   Thumb Code   156  depilogue.o(.text)
    __scatterload                            0x080007c1   Thumb Code    28  init.o(.text)
    __scatterload_rt2                        0x080007c1   Thumb Code     0  init.o(.text)
    __aeabi_ddiv                             0x080007e5   Thumb Code   222  ddiv.o(.text)
    __aeabi_i2d                              0x080008c3   Thumb Code    34  dflti.o(.text)
    __aeabi_ui2d                             0x080008e5   Thumb Code    26  dfltui.o(.text)
    __aeabi_d2iz                             0x080008ff   Thumb Code    62  dfixi.o(.text)
    Delay_micros                             0x08000a61   Thumb Code    20  main.o(i.Delay_micros)
    Get_Defected                             0x08000a75   Thumb Code   130  main.o(i.Get_Defected)
    HAL_ADC_ConfigChannel                    0x08000b05   Thumb Code   316  stm32f4xx_hal_adc.o(i.HAL_ADC_ConfigChannel)
    HAL_ADC_GetValue                         0x08000c51   Thumb Code     6  stm32f4xx_hal_adc.o(i.HAL_ADC_GetValue)
    HAL_ADC_Init                             0x08000c57   Thumb Code    84  stm32f4xx_hal_adc.o(i.HAL_ADC_Init)
    HAL_ADC_MspInit                          0x08000cad   Thumb Code    54  stm32f4xx_hal_msp.o(i.HAL_ADC_MspInit)
    HAL_ADC_Start                            0x08000cf1   Thumb Code   170  stm32f4xx_hal_adc.o(i.HAL_ADC_Start)
    HAL_DMA_Abort_IT                         0x08000dad   Thumb Code    36  stm32f4xx_hal_dma.o(i.HAL_DMA_Abort_IT)
    HAL_GPIO_Init                            0x08000dd1   Thumb Code   340  stm32f4xx_hal_gpio.o(i.HAL_GPIO_Init)
    HAL_GPIO_WritePin                        0x08000f3d   Thumb Code    10  stm32f4xx_hal_gpio.o(i.HAL_GPIO_WritePin)
    HAL_GetTick                              0x08000f49   Thumb Code     6  stm32f4xx_hal.o(i.HAL_GetTick)
    HAL_IncTick                              0x08000f55   Thumb Code    12  stm32f4xx_hal.o(i.HAL_IncTick)
    HAL_Init                                 0x08000f65   Thumb Code    48  stm32f4xx_hal.o(i.HAL_Init)
    HAL_InitTick                             0x08000f99   Thumb Code    98  stm32f4xx_hal_timebase_tim.o(i.HAL_InitTick)
    HAL_MspInit                              0x0800100d   Thumb Code   126  stm32f4xx_hal_msp.o(i.HAL_MspInit)
    HAL_NVIC_EnableIRQ                       0x08001091   Thumb Code    22  stm32f4xx_hal_cortex.o(i.HAL_NVIC_EnableIRQ)
    HAL_NVIC_SetPriority                     0x080010a9   Thumb Code    60  stm32f4xx_hal_cortex.o(i.HAL_NVIC_SetPriority)
    HAL_NVIC_SetPriorityGrouping             0x080010e9   Thumb Code    26  stm32f4xx_hal_cortex.o(i.HAL_NVIC_SetPriorityGrouping)
    HAL_RCC_ClockConfig                      0x0800110d   Thumb Code   286  stm32f4xx_hal_rcc.o(i.HAL_RCC_ClockConfig)
    HAL_RCC_GetClockConfig                   0x0800123d   Thumb Code    54  stm32f4xx_hal_rcc.o(i.HAL_RCC_GetClockConfig)
    HAL_RCC_GetHCLKFreq                      0x0800127d   Thumb Code     6  stm32f4xx_hal_rcc.o(i.HAL_RCC_GetHCLKFreq)
    HAL_RCC_GetPCLK1Freq                     0x08001289   Thumb Code    20  stm32f4xx_hal_rcc.o(i.HAL_RCC_GetPCLK1Freq)
    HAL_RCC_GetPCLK2Freq                     0x080012a9   Thumb Code    20  stm32f4xx_hal_rcc.o(i.HAL_RCC_GetPCLK2Freq)
    HAL_RCC_GetSysClockFreq                  0x080012c9   Thumb Code    88  stm32f4xx_hal_rcc.o(i.HAL_RCC_GetSysClockFreq)
    HAL_RCC_OscConfig                        0x08001329   Thumb Code   778  stm32f4xx_hal_rcc_ex.o(i.HAL_RCC_OscConfig)
    HAL_SYSTICK_CLKSourceConfig              0x0800164d   Thumb Code    24  stm32f4xx_hal_cortex.o(i.HAL_SYSTICK_CLKSourceConfig)
    HAL_SYSTICK_Config                       0x08001665   Thumb Code    40  stm32f4xx_hal_cortex.o(i.HAL_SYSTICK_Config)
    HAL_TIMEx_BreakCallback                  0x0800168d   Thumb Code     2  stm32f4xx_hal_tim_ex.o(i.HAL_TIMEx_BreakCallback)
    HAL_TIMEx_CommutationCallback            0x0800168f   Thumb Code     2  stm32f4xx_hal_tim_ex.o(i.HAL_TIMEx_CommutationCallback)
    HAL_TIMEx_MasterConfigSynchronization    0x08001691   Thumb Code    80  stm32f4xx_hal_tim_ex.o(i.HAL_TIMEx_MasterConfigSynchronization)
    HAL_TIM_Base_Init                        0x080016e1   Thumb Code    54  stm32f4xx_hal_tim.o(i.HAL_TIM_Base_Init)
    HAL_TIM_Base_MspInit                     0x08001719   Thumb Code    50  stm32f4xx_hal_msp.o(i.HAL_TIM_Base_MspInit)
    HAL_TIM_Base_Start_IT                    0x08001755   Thumb Code    24  stm32f4xx_hal_tim.o(i.HAL_TIM_Base_Start_IT)
    HAL_TIM_IC_CaptureCallback               0x0800176d   Thumb Code     2  stm32f4xx_hal_tim.o(i.HAL_TIM_IC_CaptureCallback)
    HAL_TIM_IRQHandler                       0x0800176f   Thumb Code   358  stm32f4xx_hal_tim.o(i.HAL_TIM_IRQHandler)
    HAL_TIM_OC_DelayElapsedCallback          0x080018d5   Thumb Code     2  stm32f4xx_hal_tim.o(i.HAL_TIM_OC_DelayElapsedCallback)
    HAL_TIM_PWM_PulseFinishedCallback        0x080018d7   Thumb Code     2  stm32f4xx_hal_tim.o(i.HAL_TIM_PWM_PulseFinishedCallback)
    HAL_TIM_PeriodElapsedCallback            0x080018d9   Thumb Code    14  main.o(i.HAL_TIM_PeriodElapsedCallback)
    HAL_TIM_TriggerCallback                  0x080018ed   Thumb Code     2  stm32f4xx_hal_tim.o(i.HAL_TIM_TriggerCallback)
    HAL_UART_ErrorCallback                   0x080018ef   Thumb Code     2  stm32f4xx_hal_uart.o(i.HAL_UART_ErrorCallback)
    HAL_UART_IRQHandler                      0x080018f1   Thumb Code   266  stm32f4xx_hal_uart.o(i.HAL_UART_IRQHandler)
    HAL_UART_Init                            0x08001a01   Thumb Code    98  stm32f4xx_hal_uart.o(i.HAL_UART_Init)
    HAL_UART_MspInit                         0x08001a65   Thumb Code    78  stm32f4xx_hal_msp.o(i.HAL_UART_MspInit)
    HAL_UART_Receive_IT                      0x08001ac1   Thumb Code    72  stm32f4xx_hal_uart.o(i.HAL_UART_Receive_IT)
    HAL_UART_RxCpltCallback                  0x08001b09   Thumb Code     2  stm32f4xx_hal_uart.o(i.HAL_UART_RxCpltCallback)
    HAL_UART_TxCpltCallback                  0x08001b0b   Thumb Code     2  stm32f4xx_hal_uart.o(i.HAL_UART_TxCpltCallback)
    Main_Arm_Task_function                   0x08001c41   Thumb Code   548  main.o(i.Main_Arm_Task_function)
    Set_joint_angles                         0x08001ea9   Thumb Code    28  main.o(i.Set_joint_angles)
    StartDefaultTask                         0x08001ec9   Thumb Code     8  main.o(i.StartDefaultTask)
    Stepper1_Task_function                   0x08001ed1   Thumb Code   218  main.o(i.Stepper1_Task_function)
    Stepper2_Task_function                   0x08001fc9   Thumb Code     8  main.o(i.Stepper2_Task_function)
    Stepper3_Task_function                   0x08001fd1   Thumb Code     8  main.o(i.Stepper3_Task_function)
    Stepper4_Task_function                   0x08001fd9   Thumb Code     8  main.o(i.Stepper4_Task_function)
    SysTick_Handler                          0x08001fe1   Thumb Code     4  stm32f4xx_it.o(i.SysTick_Handler)
    SystemClock_Config                       0x08001fe5   Thumb Code   148  main.o(i.SystemClock_Config)
    SystemInit                               0x08002081   Thumb Code    66  system_stm32f4xx.o(i.SystemInit)
    TIM1_UP_IRQHandler                       0x080020d5   Thumb Code     6  stm32f4xx_it.o(i.TIM1_UP_IRQHandler)
    TIM6_DAC_IRQHandler                      0x080020e1   Thumb Code     6  stm32f4xx_it.o(i.TIM6_DAC_IRQHandler)
    TIM_Base_SetConfig                       0x080020ed   Thumb Code    76  stm32f4xx_hal_tim.o(i.TIM_Base_SetConfig)
    USART2_IRQHandler                        0x08002511   Thumb Code   174  stm32f4xx_it.o(i.USART2_IRQHandler)
    __ARM_fpclassify                         0x080025f1   Thumb Code    48  fpclassify.o(i.__ARM_fpclassify)
    __hardfp_cos                             0x08002621   Thumb Code   180  cos.o(i.__hardfp_cos)
    __hardfp_sin                             0x080026e9   Thumb Code   180  sin.o(i.__hardfp_sin)
    __ieee754_rem_pio2                       0x080027b1   Thumb Code   938  rred.o(i.__ieee754_rem_pio2)
    __kernel_cos                             0x08002be9   Thumb Code   322  cos_i.o(i.__kernel_cos)
    __kernel_poly                            0x08002d59   Thumb Code   248  poly.o(i.__kernel_poly)
    __kernel_sin                             0x08002e51   Thumb Code   280  sin_i.o(i.__kernel_sin)
    __mathlib_dbl_infnan                     0x08002f81   Thumb Code    20  dunder.o(i.__mathlib_dbl_infnan)
    __mathlib_dbl_invalid                    0x08002f99   Thumb Code    24  dunder.o(i.__mathlib_dbl_invalid)
    __mathlib_dbl_underflow                  0x08002fb9   Thumb Code    24  dunder.o(i.__mathlib_dbl_underflow)
    __scatterload_copy                       0x08002fd9   Thumb Code    14  handlers.o(i.__scatterload_copy)
    __scatterload_null                       0x08002fe7   Thumb Code     2  handlers.o(i.__scatterload_null)
    __scatterload_zeroinit                   0x08002fe9   Thumb Code    14  handlers.o(i.__scatterload_zeroinit)
    __set_errno                              0x08002ff9   Thumb Code     6  errno.o(i.__set_errno)
    check_Defected                           0x08003005   Thumb Code    30  main.o(i.check_Defected)
    fabs                                     0x0800302d   Thumb Code    24  fabs.o(i.fabs)
    main                                     0x08003045   Thumb Code   246  main.o(i.main)
    osDelay                                  0x0800315d   Thumb Code    14  cmsis_os.o(i.osDelay)
    osKernelStart                            0x0800316b   Thumb Code    10  cmsis_os.o(i.osKernelStart)
    osSystickHandler                         0x08003175   Thumb Code    20  cmsis_os.o(i.osSystickHandler)
    osThreadCreate                           0x08003189   Thumb Code    46  cmsis_os.o(i.osThreadCreate)
    pvPortMalloc                             0x080034f5   Thumb Code   210  heap_4.o(i.pvPortMalloc)
    pxPortInitialiseStack                    0x080035cd   Thumb Code    40  port.o(i.pxPortInitialiseStack)
    uxListRemove                             0x080035f9   Thumb Code    36  list.o(i.uxListRemove)
    vListInitialise                          0x0800361d   Thumb Code    22  list.o(i.vListInitialise)
    vListInitialiseItem                      0x08003633   Thumb Code     6  list.o(i.vListInitialiseItem)
    vListInsert                              0x08003639   Thumb Code    48  list.o(i.vListInsert)
    vListInsertEnd                           0x08003669   Thumb Code    24  list.o(i.vListInsertEnd)
    vPortEnterCritical                       0x08003681   Thumb Code    54  port.o(i.vPortEnterCritical)
    vPortExitCritical                        0x080036c1   Thumb Code    34  port.o(i.vPortExitCritical)
    vPortFree                                0x080036e9   Thumb Code    88  heap_4.o(i.vPortFree)
    vPortSetupTimerInterrupt                 0x08003745   Thumb Code    26  port.o(i.vPortSetupTimerInterrupt)
    vTaskDelay                               0x08003765   Thumb Code    66  tasks.o(i.vTaskDelay)
    vTaskStartScheduler                      0x080037b1   Thumb Code    86  tasks.o(i.vTaskStartScheduler)
    vTaskSuspendAll                          0x08003819   Thumb Code    10  tasks.o(i.vTaskSuspendAll)
    vTaskSwitchContext                       0x08003829   Thumb Code    82  tasks.o(i.vTaskSwitchContext)
    xPortStartScheduler                      0x08003885   Thumb Code   202  port.o(i.xPortStartScheduler)
    xPortSysTickHandler                      0x08003965   Thumb Code    38  port.o(i.xPortSysTickHandler)
    xTaskCreate                              0x08003991   Thumb Code    86  tasks.o(i.xTaskCreate)
    xTaskGetSchedulerState                   0x080039e9   Thumb Code    22  tasks.o(i.xTaskGetSchedulerState)
    xTaskIncrementTick                       0x08003a05   Thumb Code   192  tasks.o(i.xTaskIncrementTick)
    xTaskResumeAll                           0x08003acd   Thumb Code   182  tasks.o(i.xTaskResumeAll)
    tracking                                 0x08003b90   Data           1  main.o(.constdata)
    extracting                               0x08003b91   Data           1  main.o(.constdata)
    AHBPrescTable                            0x08003c0c   Data          16  system_stm32f4xx.o(.constdata)
    APBPrescTable                            0x08003c1c   Data           8  system_stm32f4xx.o(.constdata)
    Region$$Table$$Base                      0x08003da4   Number         0  anon$$obj.o(Region$$Table)
    Region$$Table$$Limit                     0x08003dc4   Number         0  anon$$obj.o(Region$$Table)
    state                                    0x20000000   Data           1  main.o(.data)
    O3                                       0x20000004   Data           4  main.o(.data)
    O3_t                                     0x20000008   Data           4  main.o(.data)
    z                                        0x2000000c   Data           4  main.o(.data)
    Step4_done                               0x20000010   Data           4  main.o(.data)
    adc                                      0x20000014   Data           4  main.o(.data)
    defaultTaskHandle                        0x20000018   Data           4  main.o(.data)
    Stepper1_TaskHandle                      0x2000001c   Data           4  main.o(.data)
    Stepper2_TaskHandle                      0x20000020   Data           4  main.o(.data)
    Stepper3_TaskHandle                      0x20000024   Data           4  main.o(.data)
    Stepper4_TaskHandle                      0x20000028   Data           4  main.o(.data)
    Main_Arm_TaskHandle                      0x2000002c   Data           4  main.o(.data)
    O0                                       0x20000030   Data           4  main.o(.data)
    O1                                       0x20000034   Data           4  main.o(.data)
    O2                                       0x20000038   Data           4  main.o(.data)
    O0_t                                     0x2000003c   Data           4  main.o(.data)
    O1_t                                     0x20000040   Data           4  main.o(.data)
    O2_t                                     0x20000044   Data           4  main.o(.data)
    x                                        0x20000048   Data           4  main.o(.data)
    y                                        0x2000004c   Data           4  main.o(.data)
    Step1_done                               0x20000050   Data           4  main.o(.data)
    Step2_done                               0x20000054   Data           4  main.o(.data)
    Step3_done                               0x20000058   Data           4  main.o(.data)
    x_Defected                               0x2000005c   Data           4  main.o(.data)
    y_Defected                               0x20000060   Data           4  main.o(.data)
    i                                        0x20000064   Data           4  main.o(.data)
    x_tab                                    0x20000068   Data           3  main.o(.data)
    y_tab                                    0x2000006b   Data           3  main.o(.data)
    PC_Data                                  0x2000006e   Data           6  main.o(.data)
    uwTickFreq                               0x20000074   Data           1  stm32f4xx_hal.o(.data)
    uwTickPrio                               0x20000078   Data           4  stm32f4xx_hal.o(.data)
    uwTick                                   0x2000007c   Data           4  stm32f4xx_hal.o(.data)
    SystemCoreClock                          0x20000080   Data           4  system_stm32f4xx.o(.data)
    pxCurrentTCB                             0x200000a8   Data           4  tasks.o(.data)
    hadc1                                    0x200000e8   Data          72  main.o(.bss)
    htim6                                    0x20000130   Data          60  main.o(.bss)
    huart2                                   0x2000016c   Data          64  main.o(.bss)
    htim1                                    0x200001ac   Data          60  stm32f4xx_hal_timebase_tim.o(.bss)
    __initial_sp                             0x200042d8   Data           0  startup_stm32f410rx.o(STACK)



==============================================================================

Memory Map of the image

  Image Entry point : 0x080001c9

  Load Region LR_IROM1 (Base: 0x08000000, Size: 0x00003eac, Max: 0x00020000, ABSOLUTE)

    Execution Region ER_IROM1 (Exec base: 0x08000000, Load base: 0x08000000, Size: 0x00003dc4, Max: 0x00020000, ABSOLUTE)

    Exec Addr    Load Addr    Size         Type   Attr      Idx    E Section Name        Object

    0x08000000   0x08000000   0x000001c8   Data   RO            3    RESET               startup_stm32f410rx.o
    0x080001c8   0x080001c8   0x00000000   Code   RO         4213  * .ARM.Collect$$$$00000000  mc_w.l(entry.o)
    0x080001c8   0x080001c8   0x00000004   Code   RO         4262    .ARM.Collect$$$$00000001  mc_w.l(entry2.o)
    0x080001cc   0x080001cc   0x00000004   Code   RO         4265    .ARM.Collect$$$$00000004  mc_w.l(entry5.o)
    0x080001d0   0x080001d0   0x00000000   Code   RO         4267    .ARM.Collect$$$$00000008  mc_w.l(entry7b.o)
    0x080001d0   0x080001d0   0x00000000   Code   RO         4269    .ARM.Collect$$$$0000000A  mc_w.l(entry8b.o)
    0x080001d0   0x080001d0   0x00000008   Code   RO         4270    .ARM.Collect$$$$0000000B  mc_w.l(entry9a.o)
    0x080001d8   0x080001d8   0x00000000   Code   RO         4272    .ARM.Collect$$$$0000000D  mc_w.l(entry10a.o)
    0x080001d8   0x080001d8   0x00000000   Code   RO         4274    .ARM.Collect$$$$0000000F  mc_w.l(entry11a.o)
    0x080001d8   0x080001d8   0x00000004   Code   RO         4263    .ARM.Collect$$$$00002712  mc_w.l(entry2.o)
    0x080001dc   0x080001dc   0x000000ba   Code   RO         3184    .emb_text           port.o
    0x08000296   0x08000296   0x00000002   PAD
    0x08000298   0x08000298   0x00000024   Code   RO            4    .text               startup_stm32f410rx.o
    0x080002bc   0x080002bc   0x00000062   Code   RO         4216    .text               mc_w.l(uldiv.o)
    0x0800031e   0x0800031e   0x00000024   Code   RO         4218    .text               mc_w.l(memcpya.o)
    0x08000342   0x08000342   0x0000014e   Code   RO         4222    .text               mf_w.l(dadd.o)
    0x08000490   0x08000490   0x000000e4   Code   RO         4224    .text               mf_w.l(dmul.o)
    0x08000574   0x08000574   0x00000026   Code   RO         4226    .text               mf_w.l(f2d.o)
    0x0800059a   0x0800059a   0x00000002   PAD
    0x0800059c   0x0800059c   0x00000030   Code   RO         4228    .text               mf_w.l(cdcmple.o)
    0x080005cc   0x080005cc   0x00000030   Code   RO         4230    .text               mf_w.l(cdrcmple.o)
    0x080005fc   0x080005fc   0x00000038   Code   RO         4232    .text               mf_w.l(d2f.o)
    0x08000634   0x08000634   0x0000001e   Code   RO         4276    .text               mc_w.l(llshl.o)
    0x08000652   0x08000652   0x00000020   Code   RO         4278    .text               mc_w.l(llushr.o)
    0x08000672   0x08000672   0x00000024   Code   RO         4280    .text               mc_w.l(llsshr.o)
    0x08000696   0x08000696   0x00000000   Code   RO         4289    .text               mc_w.l(iusefp.o)
    0x08000696   0x08000696   0x0000006e   Code   RO         4290    .text               mf_w.l(fepilogue.o)
    0x08000704   0x08000704   0x000000ba   Code   RO         4292    .text               mf_w.l(depilogue.o)
    0x080007be   0x080007be   0x00000002   PAD
    0x080007c0   0x080007c0   0x00000024   Code   RO         4306    .text               mc_w.l(init.o)
    0x080007e4   0x080007e4   0x000000de   Code   RO         4308    .text               mf_w.l(ddiv.o)
    0x080008c2   0x080008c2   0x00000022   Code   RO         4310    .text               mf_w.l(dflti.o)
    0x080008e4   0x080008e4   0x0000001a   Code   RO         4312    .text               mf_w.l(dfltui.o)
    0x080008fe   0x080008fe   0x0000003e   Code   RO         4314    .text               mf_w.l(dfixi.o)
    0x0800093c   0x0800093c   0x00000124   Code   RO          488    i.ADC_Init          stm32f4xx_hal_adc.o
    0x08000a60   0x08000a60   0x00000014   Code   RO           13    i.Delay_micros      main.o
    0x08000a74   0x08000a74   0x00000090   Code   RO           14    i.Get_Defected      main.o
    0x08000b04   0x08000b04   0x0000014c   Code   RO          490    i.HAL_ADC_ConfigChannel  stm32f4xx_hal_adc.o
    0x08000c50   0x08000c50   0x00000006   Code   RO          497    i.HAL_ADC_GetValue  stm32f4xx_hal_adc.o
    0x08000c56   0x08000c56   0x00000054   Code   RO          499    i.HAL_ADC_Init      stm32f4xx_hal_adc.o
    0x08000caa   0x08000caa   0x00000002   PAD
    0x08000cac   0x08000cac   0x00000044   Code   RO          386    i.HAL_ADC_MspInit   stm32f4xx_hal_msp.o
    0x08000cf0   0x08000cf0   0x000000bc   Code   RO          505    i.HAL_ADC_Start     stm32f4xx_hal_adc.o
    0x08000dac   0x08000dac   0x00000024   Code   RO         2473    i.HAL_DMA_Abort_IT  stm32f4xx_hal_dma.o
    0x08000dd0   0x08000dd0   0x0000016c   Code   RO         2365    i.HAL_GPIO_Init     stm32f4xx_hal_gpio.o
    0x08000f3c   0x08000f3c   0x0000000a   Code   RO         2369    i.HAL_GPIO_WritePin  stm32f4xx_hal_gpio.o
    0x08000f46   0x08000f46   0x00000002   PAD
    0x08000f48   0x08000f48   0x0000000c   Code   RO         2921    i.HAL_GetTick       stm32f4xx_hal.o
    0x08000f54   0x08000f54   0x00000010   Code   RO         2925    i.HAL_IncTick       stm32f4xx_hal.o
    0x08000f64   0x08000f64   0x00000034   Code   RO         2926    i.HAL_Init          stm32f4xx_hal.o
    0x08000f98   0x08000f98   0x00000074   Code   RO          445    i.HAL_InitTick      stm32f4xx_hal_timebase_tim.o
    0x0800100c   0x0800100c   0x00000084   Code   RO          387    i.HAL_MspInit       stm32f4xx_hal_msp.o
    0x08001090   0x08001090   0x00000016   Code   RO         2778    i.HAL_NVIC_EnableIRQ  stm32f4xx_hal_cortex.o
    0x080010a6   0x080010a6   0x00000002   PAD
    0x080010a8   0x080010a8   0x00000040   Code   RO         2784    i.HAL_NVIC_SetPriority  stm32f4xx_hal_cortex.o
    0x080010e8   0x080010e8   0x00000024   Code   RO         2785    i.HAL_NVIC_SetPriorityGrouping  stm32f4xx_hal_cortex.o
    0x0800110c   0x0800110c   0x00000130   Code   RO         1957    i.HAL_RCC_ClockConfig  stm32f4xx_hal_rcc.o
    0x0800123c   0x0800123c   0x00000040   Code   RO         1961    i.HAL_RCC_GetClockConfig  stm32f4xx_hal_rcc.o
    0x0800127c   0x0800127c   0x0000000c   Code   RO         1962    i.HAL_RCC_GetHCLKFreq  stm32f4xx_hal_rcc.o
    0x08001288   0x08001288   0x00000020   Code   RO         1964    i.HAL_RCC_GetPCLK1Freq  stm32f4xx_hal_rcc.o
    0x080012a8   0x080012a8   0x00000020   Code   RO         1965    i.HAL_RCC_GetPCLK2Freq  stm32f4xx_hal_rcc.o
    0x080012c8   0x080012c8   0x00000060   Code   RO         1966    i.HAL_RCC_GetSysClockFreq  stm32f4xx_hal_rcc.o
    0x08001328   0x08001328   0x00000324   Code   RO         2064    i.HAL_RCC_OscConfig  stm32f4xx_hal_rcc_ex.o
    0x0800164c   0x0800164c   0x00000018   Code   RO         2787    i.HAL_SYSTICK_CLKSourceConfig  stm32f4xx_hal_cortex.o
    0x08001664   0x08001664   0x00000028   Code   RO         2789    i.HAL_SYSTICK_Config  stm32f4xx_hal_cortex.o
    0x0800168c   0x0800168c   0x00000002   Code   RO         1391    i.HAL_TIMEx_BreakCallback  stm32f4xx_hal_tim_ex.o
    0x0800168e   0x0800168e   0x00000002   Code   RO         1392    i.HAL_TIMEx_CommutationCallback  stm32f4xx_hal_tim_ex.o
    0x08001690   0x08001690   0x00000050   Code   RO         1408    i.HAL_TIMEx_MasterConfigSynchronization  stm32f4xx_hal_tim_ex.o
    0x080016e0   0x080016e0   0x00000036   Code   RO          762    i.HAL_TIM_Base_Init  stm32f4xx_hal_tim.o
    0x08001716   0x08001716   0x00000002   PAD
    0x08001718   0x08001718   0x0000003c   Code   RO          389    i.HAL_TIM_Base_MspInit  stm32f4xx_hal_msp.o
    0x08001754   0x08001754   0x00000018   Code   RO          767    i.HAL_TIM_Base_Start_IT  stm32f4xx_hal_tim.o
    0x0800176c   0x0800176c   0x00000002   Code   RO          791    i.HAL_TIM_IC_CaptureCallback  stm32f4xx_hal_tim.o
    0x0800176e   0x0800176e   0x00000166   Code   RO          804    i.HAL_TIM_IRQHandler  stm32f4xx_hal_tim.o
    0x080018d4   0x080018d4   0x00000002   Code   RO          807    i.HAL_TIM_OC_DelayElapsedCallback  stm32f4xx_hal_tim.o
    0x080018d6   0x080018d6   0x00000002   Code   RO          834    i.HAL_TIM_PWM_PulseFinishedCallback  stm32f4xx_hal_tim.o
    0x080018d8   0x080018d8   0x00000014   Code   RO           15    i.HAL_TIM_PeriodElapsedCallback  main.o
    0x080018ec   0x080018ec   0x00000002   Code   RO          845    i.HAL_TIM_TriggerCallback  stm32f4xx_hal_tim.o
    0x080018ee   0x080018ee   0x00000002   Code   RO         1651    i.HAL_UART_ErrorCallback  stm32f4xx_hal_uart.o
    0x080018f0   0x080018f0   0x00000110   Code   RO         1654    i.HAL_UART_IRQHandler  stm32f4xx_hal_uart.o
    0x08001a00   0x08001a00   0x00000062   Code   RO         1655    i.HAL_UART_Init     stm32f4xx_hal_uart.o
    0x08001a62   0x08001a62   0x00000002   PAD
    0x08001a64   0x08001a64   0x0000005c   Code   RO          391    i.HAL_UART_MspInit  stm32f4xx_hal_msp.o
    0x08001ac0   0x08001ac0   0x00000048   Code   RO         1660    i.HAL_UART_Receive_IT  stm32f4xx_hal_uart.o
    0x08001b08   0x08001b08   0x00000002   Code   RO         1661    i.HAL_UART_RxCpltCallback  stm32f4xx_hal_uart.o
    0x08001b0a   0x08001b0a   0x00000002   Code   RO         1666    i.HAL_UART_TxCpltCallback  stm32f4xx_hal_uart.o
    0x08001b0c   0x08001b0c   0x00000054   Code   RO           16    i.MX_ADC1_Init      main.o
    0x08001b60   0x08001b60   0x000000e0   Code   RO           17    i.MX_GPIO_Init      main.o
    0x08001c40   0x08001c40   0x00000248   Code   RO           18    i.Main_Arm_Task_function  main.o
    0x08001e88   0x08001e88   0x00000020   Code   RO         2791    i.NVIC_SetPriority  stm32f4xx_hal_cortex.o
    0x08001ea8   0x08001ea8   0x00000020   Code   RO           19    i.Set_joint_angles  main.o
    0x08001ec8   0x08001ec8   0x00000008   Code   RO           20    i.StartDefaultTask  main.o
    0x08001ed0   0x08001ed0   0x000000f8   Code   RO           21    i.Stepper1_Task_function  main.o
    0x08001fc8   0x08001fc8   0x00000008   Code   RO           22    i.Stepper2_Task_function  main.o
    0x08001fd0   0x08001fd0   0x00000008   Code   RO           23    i.Stepper3_Task_function  main.o
    0x08001fd8   0x08001fd8   0x00000008   Code   RO           24    i.Stepper4_Task_function  main.o
    0x08001fe0   0x08001fe0   0x00000004   Code   RO          339    i.SysTick_Handler   stm32f4xx_it.o
    0x08001fe4   0x08001fe4   0x0000009c   Code   RO           25    i.SystemClock_Config  main.o
    0x08002080   0x08002080   0x00000054   Code   RO         3080    i.SystemInit        system_stm32f4xx.o
    0x080020d4   0x080020d4   0x0000000c   Code   RO          340    i.TIM1_UP_IRQHandler  stm32f4xx_it.o
    0x080020e0   0x080020e0   0x0000000c   Code   RO          341    i.TIM6_DAC_IRQHandler  stm32f4xx_it.o
    0x080020ec   0x080020ec   0x0000005c   Code   RO          846    i.TIM_Base_SetConfig  stm32f4xx_hal_tim.o
    0x08002148   0x08002148   0x00000010   Code   RO         1668    i.UART_DMAAbortOnError  stm32f4xx_hal_uart.o
    0x08002158   0x08002158   0x0000001c   Code   RO         1678    i.UART_EndRxTransfer  stm32f4xx_hal_uart.o
    0x08002174   0x08002174   0x0000008c   Code   RO         1680    i.UART_Receive_IT   stm32f4xx_hal_uart.o
    0x08002200   0x08002200   0x000002ac   Code   RO         1681    i.UART_SetConfig    stm32f4xx_hal_uart.o
    0x080024ac   0x080024ac   0x00000062   Code   RO         1682    i.UART_Transmit_IT  stm32f4xx_hal_uart.o
    0x0800250e   0x0800250e   0x00000002   PAD
    0x08002510   0x08002510   0x000000e0   Code   RO          342    i.USART2_IRQHandler  stm32f4xx_it.o
    0x080025f0   0x080025f0   0x00000030   Code   RO         4302    i.__ARM_fpclassify  m_wm.l(fpclassify.o)
    0x08002620   0x08002620   0x000000c8   Code   RO         4189    i.__hardfp_cos      m_wm.l(cos.o)
    0x080026e8   0x080026e8   0x000000c8   Code   RO         4201    i.__hardfp_sin      m_wm.l(sin.o)
    0x080027b0   0x080027b0   0x00000438   Code   RO         4251    i.__ieee754_rem_pio2  m_wm.l(rred.o)
    0x08002be8   0x08002be8   0x00000170   Code   RO         4234    i.__kernel_cos      m_wm.l(cos_i.o)
    0x08002d58   0x08002d58   0x000000f8   Code   RO         4304    i.__kernel_poly     m_wm.l(poly.o)
    0x08002e50   0x08002e50   0x00000130   Code   RO         4256    i.__kernel_sin      m_wm.l(sin_i.o)
    0x08002f80   0x08002f80   0x00000014   Code   RO         4238    i.__mathlib_dbl_infnan  m_wm.l(dunder.o)
    0x08002f94   0x08002f94   0x00000004   PAD
    0x08002f98   0x08002f98   0x00000020   Code   RO         4240    i.__mathlib_dbl_invalid  m_wm.l(dunder.o)
    0x08002fb8   0x08002fb8   0x00000020   Code   RO         4243    i.__mathlib_dbl_underflow  m_wm.l(dunder.o)
    0x08002fd8   0x08002fd8   0x0000000e   Code   RO         4318    i.__scatterload_copy  mc_w.l(handlers.o)
    0x08002fe6   0x08002fe6   0x00000002   Code   RO         4319    i.__scatterload_null  mc_w.l(handlers.o)
    0x08002fe8   0x08002fe8   0x0000000e   Code   RO         4320    i.__scatterload_zeroinit  mc_w.l(handlers.o)
    0x08002ff6   0x08002ff6   0x00000002   PAD
    0x08002ff8   0x08002ff8   0x0000000c   Code   RO         4284    i.__set_errno       mc_w.l(errno.o)
    0x08003004   0x08003004   0x00000028   Code   RO           27    i.check_Defected    main.o
    0x0800302c   0x0800302c   0x00000018   Code   RO         4298    i.fabs              m_wm.l(fabs.o)
    0x08003044   0x08003044   0x0000010c   Code   RO           29    i.main              main.o
    0x08003150   0x08003150   0x0000000c   Code   RO         3816    i.makeFreeRtosPriority  cmsis_os.o
    0x0800315c   0x0800315c   0x0000000e   Code   RO         3818    i.osDelay           cmsis_os.o
    0x0800316a   0x0800316a   0x0000000a   Code   RO         3821    i.osKernelStart     cmsis_os.o
    0x08003174   0x08003174   0x00000014   Code   RO         3854    i.osSystickHandler  cmsis_os.o
    0x08003188   0x08003188   0x0000002e   Code   RO         3855    i.osThreadCreate    cmsis_os.o
    0x080031b6   0x080031b6   0x00000002   PAD
    0x080031b8   0x080031b8   0x00000070   Code   RO         3527    i.prvAddCurrentTaskToDelayedList  tasks.o
    0x08003228   0x08003228   0x000000d0   Code   RO         3528    i.prvAddNewTaskToReadyList  tasks.o
    0x080032f8   0x080032f8   0x00000050   Code   RO         3529    i.prvCheckTasksWaitingTermination  tasks.o
    0x08003348   0x08003348   0x00000014   Code   RO         3530    i.prvDeleteTCB      tasks.o
    0x0800335c   0x0800335c   0x0000004c   Code   RO         3114    i.prvHeapInit       heap_4.o
    0x080033a8   0x080033a8   0x00000028   Code   RO         3531    i.prvIdleTask       tasks.o
    0x080033d0   0x080033d0   0x0000008e   Code   RO         3532    i.prvInitialiseNewTask  tasks.o
    0x0800345e   0x0800345e   0x00000002   PAD
    0x08003460   0x08003460   0x0000004c   Code   RO         3115    i.prvInsertBlockIntoFreeList  heap_4.o
    0x080034ac   0x080034ac   0x00000020   Code   RO         3533    i.prvResetNextTaskUnblockTime  tasks.o
    0x080034cc   0x080034cc   0x00000028   Code   RO         3185    i.prvTaskExitError  port.o
    0x080034f4   0x080034f4   0x000000d8   Code   RO         3116    i.pvPortMalloc      heap_4.o
    0x080035cc   0x080035cc   0x0000002c   Code   RO         3186    i.pxPortInitialiseStack  port.o
    0x080035f8   0x080035f8   0x00000024   Code   RO         3350    i.uxListRemove      list.o
    0x0800361c   0x0800361c   0x00000016   Code   RO         3351    i.vListInitialise   list.o
    0x08003632   0x08003632   0x00000006   Code   RO         3352    i.vListInitialiseItem  list.o
    0x08003638   0x08003638   0x00000030   Code   RO         3353    i.vListInsert       list.o
    0x08003668   0x08003668   0x00000018   Code   RO         3354    i.vListInsertEnd    list.o
    0x08003680   0x08003680   0x00000040   Code   RO         3188    i.vPortEnterCritical  port.o
    0x080036c0   0x080036c0   0x00000028   Code   RO         3189    i.vPortExitCritical  port.o
    0x080036e8   0x080036e8   0x0000005c   Code   RO         3117    i.vPortFree         heap_4.o
    0x08003744   0x08003744   0x00000020   Code   RO         3190    i.vPortSetupTimerInterrupt  port.o
    0x08003764   0x08003764   0x0000004c   Code   RO         3541    i.vTaskDelay        tasks.o
    0x080037b0   0x080037b0   0x00000068   Code   RO         3552    i.vTaskStartScheduler  tasks.o
    0x08003818   0x08003818   0x00000010   Code   RO         3554    i.vTaskSuspendAll   tasks.o
    0x08003828   0x08003828   0x0000005c   Code   RO         3555    i.vTaskSwitchContext  tasks.o
    0x08003884   0x08003884   0x000000e0   Code   RO         3192    i.xPortStartScheduler  port.o
    0x08003964   0x08003964   0x0000002c   Code   RO         3193    i.xPortSysTickHandler  port.o
    0x08003990   0x08003990   0x00000056   Code   RO         3557    i.xTaskCreate       tasks.o
    0x080039e6   0x080039e6   0x00000002   PAD
    0x080039e8   0x080039e8   0x0000001c   Code   RO         3561    i.xTaskGetSchedulerState  tasks.o
    0x08003a04   0x08003a04   0x000000c8   Code   RO         3564    i.xTaskIncrementTick  tasks.o
    0x08003acc   0x08003acc   0x000000c4   Code   RO         3570    i.xTaskResumeAll    tasks.o
    0x08003b90   0x08003b90   0x00000001   Data   RO           36    .constdata          main.o
    0x08003b91   0x08003b91   0x00000001   Data   RO           37    .constdata          main.o
    0x08003b92   0x08003b92   0x00000002   PAD
    0x08003b94   0x08003b94   0x00000078   Data   RO           38    .constdata          main.o
    0x08003c0c   0x08003c0c   0x00000010   Data   RO         3081    .constdata          system_stm32f4xx.o
    0x08003c1c   0x08003c1c   0x00000008   Data   RO         3082    .constdata          system_stm32f4xx.o
    0x08003c24   0x08003c24   0x00000004   PAD
    0x08003c28   0x08003c28   0x00000030   Data   RO         4235    .constdata          m_wm.l(cos_i.o)
    0x08003c58   0x08003c58   0x000000c8   Data   RO         4253    .constdata          m_wm.l(rred.o)
    0x08003d20   0x08003d20   0x00000028   Data   RO         4257    .constdata          m_wm.l(sin_i.o)
    0x08003d48   0x08003d48   0x0000005c   Data   RO           39    .conststring        main.o
    0x08003da4   0x08003da4   0x00000020   Data   RO         4316    Region$$Table       anon$$obj.o


    Execution Region RW_IRAM1 (Exec base: 0x20000000, Load base: 0x08003dc4, Size: 0x000042d8, Max: 0x00008000, ABSOLUTE)

    Exec Addr    Load Addr    Size         Type   Attr      Idx    E Section Name        Object

    0x20000000   0x08003dc4   0x0000005c   Data   RW           40    .data               main.o
    0x2000005c   0x08003e20   0x00000004   Data   RW           41    .data               main.o
    0x20000060   0x08003e24   0x00000004   Data   RW           42    .data               main.o
    0x20000064   0x08003e28   0x00000004   Data   RW           43    .data               main.o
    0x20000068   0x08003e2c   0x00000003   Data   RW           44    .data               main.o
    0x2000006b   0x08003e2f   0x00000003   Data   RW           45    .data               main.o
    0x2000006e   0x08003e32   0x00000006   Data   RW           46    .data               main.o
    0x20000074   0x08003e38   0x0000000c   Data   RW         2933    .data               stm32f4xx_hal.o
    0x20000080   0x08003e44   0x00000004   Data   RW         3083    .data               system_stm32f4xx.o
    0x20000084   0x08003e48   0x00000018   Data   RW         3122    .data               heap_4.o
    0x2000009c   0x08003e60   0x0000000c   Data   RW         3194    .data               port.o
    0x200000a8   0x08003e6c   0x0000003c   Data   RW         3573    .data               tasks.o
    0x200000e4   0x08003ea8   0x00000004   Data   RW         4285    .data               mc_w.l(errno.o)
    0x200000e8        -       0x000000c4   Zero   RW           34    .bss                main.o
    0x200001ac        -       0x0000003c   Zero   RW          448    .bss                stm32f4xx_hal_timebase_tim.o
    0x200001e8        -       0x00003c00   Zero   RW         3121    .bss                heap_4.o
    0x20003de8        -       0x000000f0   Zero   RW         3572    .bss                tasks.o
    0x20003ed8        -       0x00000400   Zero   RW            1    STACK               startup_stm32f410rx.o


==============================================================================

Image component sizes


      Code (inc. data)   RO Data    RW Data    ZI Data      Debug   Object Name

       102          0          0          0          0      13724   cmsis_os.o
         0          0          0          0          0       8188   event_groups.o
       460         24          0         24      15360       9127   heap_4.o
       136          0          0          0          0       3818   list.o
      1852        162        214        116        196     396947   main.o
       674         74          0         12          0      11540   port.o
        36          8        456          0       1024        880   startup_stm32f410rx.o
        80         14          0         12          0       3478   stm32f4xx_hal.o
       902         46          0          0          0       4550   stm32f4xx_hal_adc.o
       218         14          0          0          0      31357   stm32f4xx_hal_cortex.o
        36          0          0          0          0       1307   stm32f4xx_hal_dma.o
       374         24          0          0          0       2524   stm32f4xx_hal_gpio.o
       352         44          0          0          0       3106   stm32f4xx_hal_msp.o
       540         66          0          0          0       5157   stm32f4xx_hal_rcc.o
       804         26          0          0          0       1940   stm32f4xx_hal_rcc_ex.o
       536         16          0          0          0       6851   stm32f4xx_hal_tim.o
        84          0          0          0          0       2598   stm32f4xx_hal_tim_ex.o
       116         18          0          0         60       1580   stm32f4xx_hal_timebase_tim.o
      1414         14          0          0          0       8777   stm32f4xx_hal_uart.o
       252         62          0          0          0       2153   stm32f4xx_it.o
        84         18         24          4          0       1299   system_stm32f4xx.o
      1432        122          0         60        240      16843   tasks.o

    ----------------------------------------------------------------------
     10504        752        732        228      16880     537744   Object Totals
         0          0         32          0          0          0   (incl. Generated)
        20          0          6          0          0          0   (incl. Padding)

    ----------------------------------------------------------------------

      Code (inc. data)   RO Data    RW Data    ZI Data      Debug   Library Member Name

       200         20          0          0          0        164   cos.o
       368         46         48          0          0        200   cos_i.o
        84         16          0          0          0        372   dunder.o
        24          0          0          0          0        124   fabs.o
        48          0          0          0          0        124   fpclassify.o
       248          0          0          0          0        152   poly.o
      1080        142        200          0          0        188   rred.o
       200         20          0          0          0        164   sin.o
       304         24         40          0          0        208   sin_i.o
         0          0          0          0          0          0   entry.o
         0          0          0          0          0          0   entry10a.o
         0          0          0          0          0          0   entry11a.o
         8          4          0          0          0          0   entry2.o
         4          0          0          0          0          0   entry5.o
         0          0          0          0          0          0   entry7b.o
         0          0          0          0          0          0   entry8b.o
         8          4          0          0          0          0   entry9a.o
        12          6          0          4          0         68   errno.o
        30          0          0          0          0          0   handlers.o
        36          8          0          0          0         68   init.o
         0          0          0          0          0          0   iusefp.o
        30          0          0          0          0         68   llshl.o
        36          0          0          0          0         68   llsshr.o
        32          0          0          0          0         68   llushr.o
        36          0          0          0          0         68   memcpya.o
        98          0          0          0          0         92   uldiv.o
        48          0          0          0          0         68   cdcmple.o
        48          0          0          0          0         68   cdrcmple.o
        56          0          0          0          0         88   d2f.o
       334          0          0          0          0        148   dadd.o
       222          0          0          0          0        100   ddiv.o
       186          0          0          0          0        176   depilogue.o
        62          0          0          0          0         80   dfixi.o
        34          0          0          0          0         76   dflti.o
        26          0          0          0          0         76   dfltui.o
       228          0          0          0          0         96   dmul.o
        38          0          0          0          0         68   f2d.o
       110          0          0          0          0        168   fepilogue.o

    ----------------------------------------------------------------------
      4288        290        288          4          0       3408   Library Totals
        10          0          0          0          0          0   (incl. Padding)

    ----------------------------------------------------------------------

      Code (inc. data)   RO Data    RW Data    ZI Data      Debug   Library Name

      2556        268        288          0          0       1696   m_wm.l
       330         22          0          4          0        500   mc_w.l
      1392          0          0          0          0       1212   mf_w.l

    ----------------------------------------------------------------------
      4288        290        288          4          0       3408   Library Totals

    ----------------------------------------------------------------------

==============================================================================


      Code (inc. data)   RO Data    RW Data    ZI Data      Debug   

     14792       1042       1020        232      16880     529324   Grand Totals
     14792       1042       1020        232      16880     529324   ELF Image Totals
     14792       1042       1020        232          0          0   ROM Totals

==============================================================================

    Total RO  Size (Code + RO Data)                15812 (  15.44kB)
    Total RW  Size (RW Data + ZI Data)             17112 (  16.71kB)
    Total ROM Size (Code + RO Data + RW Data)      16044 (  15.67kB)

==============================================================================

