<html>
<body>
<pre>
<h1>µVision Build Log</h1>
<h2>Tool Versions:</h2>
IDE-Version: µVision V5.25.2.0
Copyright (C) 2018 ARM Ltd and ARM Germany GmbH. All rights reserved.
License Information: hgcc HAMMOUDA, swav, LIC=----
 
Tool Versions:
Toolchain:       MDK-Lite  Version: 5.25.2.0
Toolchain Path:  C:\Keil_v5\ARM\ARMCC\Bin
C Compiler:      Armcc.exe V5.06 update 6 (build 750)
Assembler:       Armasm.exe V5.06 update 6 (build 750)
Linker/Locator:  ArmLink.exe V5.06 update 6 (build 750)
Library Manager: ArmAr.exe V5.06 update 6 (build 750)
Hex Converter:   FromElf.exe V5.06 update 6 (build 750)
CPU DLL:         SARMCM3.DLL V5.25.2.0
Dialog DLL:      DCM.DLL V1.17.1.0
Target DLL:      STLink\ST-LINKIII-KEIL_SWO.dll V3.0.1.0
Dialog DLL:      TCM.DLL V1.35.1.0
 
<h2>Project:</h2>
C:\Users\HAMMOUDA\Desktop\Robotic Arm Project\Arm Program (STM32F410RB)\Test_Program_Nucleo\MDK-ARM\Test_Program_Nucleo.uvprojx
Project File Date:  11/30/2019

<h2>Output:</h2>
*** Using Compiler 'V5.06 update 6 (build 750)', folder: 'C:\Keil_v5\ARM\ARMCC\Bin'
Build target 'Test_Program_Nucleo'
compiling main.c...
../Src/main.c(339): warning:  #188-D: enumerated type mixed with another type
  		HAL_GPIO_WritePin(GPIOB,GPIO_PIN_4,sens);
../Src/main.c: 12 warnings, 0 errors
  		 HAL_GPIO_WritePin(GPIOA,GPIO_PIN_10,1);
../Src/main.c(343): warning:  #188-D: enumerated type mixed with another type
       HAL_GPIO_WritePin(GPIOA,GPIO_PIN_10,0);
../Src/main.c(350): warning:  #188-D: enumerated type mixed with another type
  		HAL_GPIO_WritePin(GPIOA,GPIO_PIN_8,sens);
../Src/main.c(352): warning:  #188-D: enumerated type mixed with another type
  		 HAL_GPIO_WritePin(GPIOB,GPIO_PIN_5,1);
../Src/main.c(354): warning:  #188-D: enumerated type mixed with another type
       HAL_GPIO_WritePin(GPIOB,GPIO_PIN_5,0);
../Src/main.c(360): warning:  #188-D: enumerated type mixed with another type
  		HAL_GPIO_WritePin(GPIOA,GPIO_PIN_5,sens);
../Src/main.c(362): warning:  #188-D: enumerated type mixed with another type
  		 HAL_GPIO_WritePin(GPIOA,GPIO_PIN_6,1);
../Src/main.c(364): warning:  #188-D: enumerated type mixed with another type
       HAL_GPIO_WritePin(GPIOA,GPIO_PIN_6,0);
../Src/main.c(370): warning:  #188-D: enumerated type mixed with another type
  		HAL_GPIO_WritePin(GPIOB,GPIO_PIN_10,sens);
../Src/main.c(372): warning:  #188-D: enumerated type mixed with another type
  		 HAL_GPIO_WritePin(GPIOB,GPIO_PIN_3,1);
../Src/main.c(374): warning:  #188-D: enumerated type mixed with another type
       HAL_GPIO_WritePin(GPIOB,GPIO_PIN_3,0);
linking...
Program Size: Code=5540 RO-data=512 RW-data=40 ZI-data=1152  
FromELF: creating hex file...
"Test_Program_Nucleo\Test_Program_Nucleo.axf" - 0 Error(s), 11 Warning(s).

<h2>Software Packages used:</h2>

Package Vendor: ARM
                http://www.keil.com/pack/ARM.CMSIS.5.6.0.pack
                ARM.CMSIS.5.6.0
                CMSIS (Cortex Microcontroller Software Interface Standard)
   * Component: CORE Version: 5.3.0

Package Vendor: Keil
                http://www.keil.com/pack/Keil.STM32F4xx_DFP.2.14.0.pack
                Keil.STM32F4xx_DFP.2.14.0
                STMicroelectronics STM32F4 Series Device Support, Drivers and Examples

<h2>Collection of Component include folders:</h2>
  .\RTE\_Test_Program_Nucleo
  C:\Keil_v5\ARM\PACK\ARM\CMSIS\5.6.0\CMSIS\Core\Include
  C:\Keil_v5\ARM\PACK\Keil\STM32F4xx_DFP\2.14.0\Drivers\CMSIS\Device\ST\STM32F4xx\Include

<h2>Collection of Component Files used:</h2>

   * Component: ARM::CMSIS:CORE:5.3.0
Build Time Elapsed:  00:00:02
</pre>
</body>
</html>
